Archive member included to satisfy reference by file (symbol)

e:/st/stm32cubeide_1.5.1/stm32cubeide/plugins/com.st.stm32cube.ide.mcu.externaltools.gnu-tools-for-stm32.7-2018-q2-update.win32_1.5.0.202011040924/tools/bin/../lib/gcc/arm-none-eabi/7.3.1/../../../../arm-none-eabi/lib/thumb/v7e-m/fpv4-sp/hard\libc_nano.a(lib_a-errno.o)
                              Src/syscalls.o (__errno)
e:/st/stm32cubeide_1.5.1/stm32cubeide/plugins/com.st.stm32cube.ide.mcu.externaltools.gnu-tools-for-stm32.7-2018-q2-update.win32_1.5.0.202011040924/tools/bin/../lib/gcc/arm-none-eabi/7.3.1/../../../../arm-none-eabi/lib/thumb/v7e-m/fpv4-sp/hard\libc_nano.a(lib_a-exit.o)
                              e:/st/stm32cubeide_1.5.1/stm32cubeide/plugins/com.st.stm32cube.ide.mcu.externaltools.gnu-tools-for-stm32.7-2018-q2-update.win32_1.5.0.202011040924/tools/bin/../lib/gcc/arm-none-eabi/7.3.1/../../../../arm-none-eabi/lib/thumb/v7e-m/fpv4-sp/hard/crt0.o (exit)
e:/st/stm32cubeide_1.5.1/stm32cubeide/plugins/com.st.stm32cube.ide.mcu.externaltools.gnu-tools-for-stm32.7-2018-q2-update.win32_1.5.0.202011040924/tools/bin/../lib/gcc/arm-none-eabi/7.3.1/../../../../arm-none-eabi/lib/thumb/v7e-m/fpv4-sp/hard\libc_nano.a(lib_a-impure.o)
                              e:/st/stm32cubeide_1.5.1/stm32cubeide/plugins/com.st.stm32cube.ide.mcu.externaltools.gnu-tools-for-stm32.7-2018-q2-update.win32_1.5.0.202011040924/tools/bin/../lib/gcc/arm-none-eabi/7.3.1/../../../../arm-none-eabi/lib/thumb/v7e-m/fpv4-sp/hard\libc_nano.a(lib_a-exit.o) (_global_impure_ptr)
e:/st/stm32cubeide_1.5.1/stm32cubeide/plugins/com.st.stm32cube.ide.mcu.externaltools.gnu-tools-for-stm32.7-2018-q2-update.win32_1.5.0.202011040924/tools/bin/../lib/gcc/arm-none-eabi/7.3.1/../../../../arm-none-eabi/lib/thumb/v7e-m/fpv4-sp/hard\libc_nano.a(lib_a-init.o)
                              e:/st/stm32cubeide_1.5.1/stm32cubeide/plugins/com.st.stm32cube.ide.mcu.externaltools.gnu-tools-for-stm32.7-2018-q2-update.win32_1.5.0.202011040924/tools/bin/../lib/gcc/arm-none-eabi/7.3.1/../../../../arm-none-eabi/lib/thumb/v7e-m/fpv4-sp/hard/crt0.o (__libc_init_array)
e:/st/stm32cubeide_1.5.1/stm32cubeide/plugins/com.st.stm32cube.ide.mcu.externaltools.gnu-tools-for-stm32.7-2018-q2-update.win32_1.5.0.202011040924/tools/bin/../lib/gcc/arm-none-eabi/7.3.1/../../../../arm-none-eabi/lib/thumb/v7e-m/fpv4-sp/hard\libc_nano.a(lib_a-malloc.o)
                              Src/main.o (malloc)
e:/st/stm32cubeide_1.5.1/stm32cubeide/plugins/com.st.stm32cube.ide.mcu.externaltools.gnu-tools-for-stm32.7-2018-q2-update.win32_1.5.0.202011040924/tools/bin/../lib/gcc/arm-none-eabi/7.3.1/../../../../arm-none-eabi/lib/thumb/v7e-m/fpv4-sp/hard\libc_nano.a(lib_a-memset.o)
                              e:/st/stm32cubeide_1.5.1/stm32cubeide/plugins/com.st.stm32cube.ide.mcu.externaltools.gnu-tools-for-stm32.7-2018-q2-update.win32_1.5.0.202011040924/tools/bin/../lib/gcc/arm-none-eabi/7.3.1/../../../../arm-none-eabi/lib/thumb/v7e-m/fpv4-sp/hard/crt0.o (memset)
e:/st/stm32cubeide_1.5.1/stm32cubeide/plugins/com.st.stm32cube.ide.mcu.externaltools.gnu-tools-for-stm32.7-2018-q2-update.win32_1.5.0.202011040924/tools/bin/../lib/gcc/arm-none-eabi/7.3.1/../../../../arm-none-eabi/lib/thumb/v7e-m/fpv4-sp/hard\libc_nano.a(lib_a-nano-freer.o)
                              e:/st/stm32cubeide_1.5.1/stm32cubeide/plugins/com.st.stm32cube.ide.mcu.externaltools.gnu-tools-for-stm32.7-2018-q2-update.win32_1.5.0.202011040924/tools/bin/../lib/gcc/arm-none-eabi/7.3.1/../../../../arm-none-eabi/lib/thumb/v7e-m/fpv4-sp/hard\libc_nano.a(lib_a-malloc.o) (_free_r)
e:/st/stm32cubeide_1.5.1/stm32cubeide/plugins/com.st.stm32cube.ide.mcu.externaltools.gnu-tools-for-stm32.7-2018-q2-update.win32_1.5.0.202011040924/tools/bin/../lib/gcc/arm-none-eabi/7.3.1/../../../../arm-none-eabi/lib/thumb/v7e-m/fpv4-sp/hard\libc_nano.a(lib_a-nano-mallocr.o)
                              e:/st/stm32cubeide_1.5.1/stm32cubeide/plugins/com.st.stm32cube.ide.mcu.externaltools.gnu-tools-for-stm32.7-2018-q2-update.win32_1.5.0.202011040924/tools/bin/../lib/gcc/arm-none-eabi/7.3.1/../../../../arm-none-eabi/lib/thumb/v7e-m/fpv4-sp/hard\libc_nano.a(lib_a-malloc.o) (_malloc_r)
e:/st/stm32cubeide_1.5.1/stm32cubeide/plugins/com.st.stm32cube.ide.mcu.externaltools.gnu-tools-for-stm32.7-2018-q2-update.win32_1.5.0.202011040924/tools/bin/../lib/gcc/arm-none-eabi/7.3.1/../../../../arm-none-eabi/lib/thumb/v7e-m/fpv4-sp/hard\libc_nano.a(lib_a-printf.o)
                              Src/ExcelLut.o (printf)
e:/st/stm32cubeide_1.5.1/stm32cubeide/plugins/com.st.stm32cube.ide.mcu.externaltools.gnu-tools-for-stm32.7-2018-q2-update.win32_1.5.0.202011040924/tools/bin/../lib/gcc/arm-none-eabi/7.3.1/../../../../arm-none-eabi/lib/thumb/v7e-m/fpv4-sp/hard\libc_nano.a(lib_a-putchar.o)
                              Src/ExcelLut.o (putchar)
[...]
Memory Configuration

Name             Origin             Length             Attributes
RAM              0x0000000020000000 0x0000000000004000 xrw
ROM              0x0000000008000000 0x0000000000010000 xr
*default*        0x0000000000000000 0xffffffffffffffff

Linker script and memory map

LOAD e:/st/stm32cubeide_1.5.1/stm32cubeide/plugins/com.st.stm32cube.ide.mcu.externaltools.gnu-tools-for-stm32.7-2018-q2-update.win32_1.5.0.202011040924/tools/bin/../lib/gcc/arm-none-eabi/7.3.1/thumb/v7e-m/fpv4-sp/hard/crti.o
LOAD e:/st/stm32cubeide_1.5.1/stm32cubeide/plugins/com.st.stm32cube.ide.mcu.externaltools.gnu-tools-for-stm32.7-2018-q2-update.win32_1.5.0.202011040924/tools/bin/../lib/gcc/arm-none-eabi/7.3.1/thumb/v7e-m/fpv4-sp/hard/crtbegin.o
LOAD e:/st/stm32cubeide_1.5.1/stm32cubeide/plugins/com.st.stm32cube.ide.mcu.externaltools.gnu-tools-for-stm32.7-2018-q2-update.win32_1.5.0.202011040924/tools/bin/../lib/gcc/arm-none-eabi/7.3.1/../../../../arm-none-eabi/lib/thumb/v7e-m/fpv4-sp/hard/crt0.o
LOAD SPL/src/stm32f30x_adc.o
LOAD SPL/src/stm32f30x_can.o
LOAD SPL/src/stm32f30x_comp.o
LOAD SPL/src/stm32f30x_crc.o
LOAD SPL/src/stm32f30x_dac.o
LOAD SPL/src/stm32f30x_dbgmcu.o
LOAD SPL/src/stm32f30x_dma.o
LOAD SPL/src/stm32f30x_exti.o
LOAD SPL/src/stm32f30x_flash.o
LOAD SPL/src/stm32f30x_gpio.o
LOAD SPL/src/stm32f30x_i2c.o
LOAD SPL/src/stm32f30x_iwdg.o
LOAD SPL/src/stm32f30x_misc.o
LOAD SPL/src/stm32f30x_opamp.o
LOAD SPL/src/stm32f30x_pwr.o
LOAD SPL/src/stm32f30x_rcc.o
LOAD SPL/src/stm32f30x_rtc.o
LOAD SPL/src/stm32f30x_spi.o
LOAD SPL/src/stm32f30x_syscfg.o
LOAD SPL/src/stm32f30x_tim.o
LOAD SPL/src/stm32f30x_usart.o
LOAD SPL/src/stm32f30x_wwdg.o
LOAD Src/30010_io.o
LOAD Src/ExcelLut.o
LOAD Src/PWMGen.o
LOAD Src/Timer.o
LOAD Src/ansi.o
LOAD Src/battleship.o
LOAD Src/display.o
LOAD Src/main.o
LOAD Src/pinsetup.o
LOAD Src/stm32f30x_tim.o
LOAD Src/structures.o
LOAD Src/syscalls.o
LOAD Src/sysmem.o
LOAD Src/system_stm32f30x.o
LOAD Src/window.o
LOAD Startup/startup_stm32f302r8tx.o
START GROUP
LOAD e:/st/stm32cubeide_1.5.1/stm32cubeide/plugins/com.st.stm32cube.ide.mcu.externaltools.gnu-tools-for-stm32.7-2018-q2-update.win32_1.5.0.202011040924/tools/bin/../lib/gcc/arm-none-eabi/7.3.1/../../../../arm-none-eabi/lib/thumb/v7e-m/fpv4-sp/hard\libc_nano.a
LOAD e:/st/stm32cubeide_1.5.1/stm32cubeide/plugins/com.st.stm32cube.ide.mcu.externaltools.gnu-tools-for-stm32.7-2018-q2-update.win32_1.5.0.202011040924/tools/bin/../lib/gcc/arm-none-eabi/7.3.1/../../../../arm-none-eabi/lib/thumb/v7e-m/fpv4-sp/hard\libm.a
END GROUP
START GROUP
LOAD e:/st/stm32cubeide_1.5.1/stm32cubeide/plugins/com.st.stm32cube.ide.mcu.externaltools.gnu-tools-for-stm32.7-2018-q2-update.win32_1.5.0.202011040924/tools/bin/../lib/gcc/arm-none-eabi/7.3.1/thumb/v7e-m/fpv4-sp/hard\libgcc.a
LOAD e:/st/stm32cubeide_1.5.1/stm32cubeide/plugins/com.st.stm32cube.ide.mcu.externaltools.gnu-tools-for-stm32.7-2018-q2-update.win32_1.5.0.202011040924/tools/bin/../lib/gcc/arm-none-eabi/7.3.1/../../../../arm-none-eabi/lib/thumb/v7e-m/fpv4-sp/hard\libc_nano.a
END GROUP
START GROUP
LOAD e:/st/stm32cubeide_1.5.1/stm32cubeide/plugins/com.st.stm32cube.ide.mcu.externaltools.gnu-tools-for-stm32.7-2018-q2-update.win32_1.5.0.202011040924/tools/bin/../lib/gcc/arm-none-eabi/7.3.1/thumb/v7e-m/fpv4-sp/hard\libgcc.a
LOAD e:/st/stm32cubeide_1.5.1/stm32cubeide/plugins/com.st.stm32cube.ide.mcu.externaltools.gnu-tools-for-stm32.7-2018-q2-update.win32_1.5.0.202011040924/tools/bin/../lib/gcc/arm-none-eabi/7.3.1/../../../../arm-none-eabi/lib/thumb/v7e-m/fpv4-sp/hard\libc_nano.a
LOAD e:/st/stm32cubeide_1.5.1/stm32cubeide/plugins/com.st.stm32cube.ide.mcu.externaltools.gnu-tools-for-stm32.7-2018-q2-update.win32_1.5.0.202011040924/tools/bin/../lib/gcc/arm-none-eabi/7.3.1/../../../../arm-none-eabi/lib/thumb/v7e-m/fpv4-sp/hard\libnosys.a
END GROUP
START GROUP
LOAD e:/st/stm32cubeide_1.5.1/stm32cubeide/plugins/com.st.stm32cube.ide.mcu.externaltools.gnu-tools-for-stm32.7-2018-q2-update.win32_1.5.0.202011040924/tools/bin/../lib/gcc/arm-none-eabi/7.3.1/thumb/v7e-m/fpv4-sp/hard\libgcc.a
LOAD e:/st/stm32cubeide_1.5.1/stm32cubeide/plugins/com.st.stm32cube.ide.mcu.externaltools.gnu-tools-for-stm32.7-2018-q2-update.win32_1.5.0.202011040924/tools/bin/../lib/gcc/arm-none-eabi/7.3.1/../../../../arm-none-eabi/lib/thumb/v7e-m/fpv4-sp/hard\libc_nano.a
LOAD e:/st/stm32cubeide_1.5.1/stm32cubeide/plugins/com.st.stm32cube.ide.mcu.externaltools.gnu-tools-for-stm32.7-2018-q2-update.win32_1.5.0.202011040924/tools/bin/../lib/gcc/arm-none-eabi/7.3.1/../../../../arm-none-eabi/lib/thumb/v7e-m/fpv4-sp/hard\libnosys.a
END GROUP
LOAD e:/st/stm32cubeide_1.5.1/stm32cubeide/plugins/com.st.stm32cube.ide.mcu.externaltools.gnu-tools-for-stm32.7-2018-q2-update.win32_1.5.0.202011040924/tools/bin/../lib/gcc/arm-none-eabi/7.3.1/thumb/v7e-m/fpv4-sp/hard/crtend.o
LOAD e:/st/stm32cubeide_1.5.1/stm32cubeide/plugins/com.st.stm32cube.ide.mcu.externaltools.gnu-tools-for-stm32.7-2018-q2-update.win32_1.5.0.202011040924/tools/bin/../lib/gcc/arm-none-eabi/7.3.1/thumb/v7e-m/fpv4-sp/hard/crtn.o
                0x0000000020004000                _estack = (ORIGIN (RAM) + LENGTH (RAM))
                0x0000000000000200                _Min_Heap_Size = 0x200
                0x0000000000000400                _Min_Stack_Size = 0x400

.isr_vector     0x0000000008000000      0x188
                0x0000000008000000                . = ALIGN (0x4)
 *(.isr_vector)
 .isr_vector    0x0000000008000000      0x188 Startup/startup_stm32f302r8tx.o
                0x0000000008000000                g_pfnVectors
                0x0000000008000188                . = ALIGN (0x4)

.text           0x0000000008000190     0x28b8
                0x0000000008000190                . = ALIGN (0x4)
 *(.text)
 .text          0x0000000008000190       0x40 e:/st/stm32cubeide_1.5.1/stm32cubeide/plugins/com.st.stm32cube.ide.mcu.externaltools.gnu-tools-for-stm32.7-2018-q2-update.win32_1.5.0.202011040924/tools/bin/../lib/gcc/arm-none-eabi/7.3.1/thumb/v7e-m/fpv4-sp/hard/crtbegin.o
 .text          0x00000000080001d0       0xa0 e:/st/stm32cubeide_1.5.1/stm32cubeide/plugins/com.st.stm32cube.ide.mcu.externaltools.gnu-tools-for-stm32.7-2018-q2-update.win32_1.5.0.202011040924/tools/bin/../lib/gcc/arm-none-eabi/7.3.1/../../../../arm-none-eabi/lib/thumb/v7e-m/fpv4-sp/hard\libc_nano.a(lib_a-memchr.o)
                0x00000000080001d0                memchr
 *(.text*)
 .text.RCC_GetClocksFreq
                0x0000000008000270      0x41c SPL/src/stm32f30x_rcc.o
                0x0000000008000270                RCC_GetClocksFreq
 .text.SPI_SendData8
                0x000000000800068c       0x2c SPL/src/stm32f30x_spi.o
                0x000000000800068c                SPI_SendData8
 .text.SPI_I2S_GetFlagStatus
                0x00000000080006b8       0x38 SPL/src/stm32f30x_spi.o
                0x00000000080006b8                SPI_I2S_GetFlagStatus
 .text.USART_SendData
                0x00000000080006f0       0x24 SPL/src/stm32f30x_usart.o
                0x00000000080006f0                USART_SendData
 .text.USART_ITConfig
                0x0000000008000714       0x84 SPL/src/stm32f30x_usart.o
                0x0000000008000714                USART_ITConfig
 .text.USART_GetFlagStatus
                0x0000000008000798       0x32 SPL/src/stm32f30x_usart.o
                0x0000000008000798                USART_GetFlagStatus
 .text.USART_GetITStatus
                0x00000000080007ca       0xa0 SPL/src/stm32f30x_usart.o
                0x00000000080007ca                USART_GetITStatus
 *fill*         0x000000000800086a        0x2 
 .text.NVIC_EnableIRQ
                0x000000000800086c       0x34 Src/30010_io.o
 .text.uart_put_char
                0x00000000080008a0       0x34 Src/30010_io.o
                0x00000000080008a0                uart_put_char
 .text._write_r
                0x00000000080008d4       0x4c Src/30010_io.o
                0x00000000080008d4                _write_r
 .text.USART2_IRQHandler
                0x0000000008000920       0x74 Src/30010_io.o
                0x0000000008000920                USART2_IRQHandler
 .text.uart_init
                0x0000000008000994      0x234 Src/30010_io.o
                0x0000000008000994                uart_init
 .text.lcd_transmit_byte
                0x0000000008000bc8       0x64 Src/30010_io.o
                0x0000000008000bc8                lcd_transmit_byte
 .text.lcd_push_buffer
                0x0000000008000c2c      0x184 Src/30010_io.o
                0x0000000008000c2c                lcd_push_buffer
 .text.lcd_reset
                0x0000000008000db0       0xe0 Src/30010_io.o
                0x0000000008000db0                lcd_reset
 .text.lcd_init
                0x0000000008000e90      0x2b8 Src/30010_io.o
                0x0000000008000e90                lcd_init
 .text.NVIC_EnableIRQ
                0x0000000008001148       0x34 Src/Timer.o
 .text.NVIC_SetPriority
                0x000000000800117c       0x54 Src/Timer.o
 .text.setTimer
                0x00000000080011d0      0x140 Src/Timer.o
                0x00000000080011d0                setTimer
 .text.clrscr   0x0000000008001310       0x14 Src/ansi.o
                0x0000000008001310                clrscr
 .text.gotoxy   0x0000000008001324       0x28 Src/ansi.o
                0x0000000008001324                gotoxy
 .text.TIM2_IRQHandler
                0x000000000800134c       0x50 Src/main.o
                0x000000000800134c                TIM2_IRQHandler
 .text.convert  0x000000000800139c      0x114 Src/main.o
                0x000000000800139c                convert
 .text.main     0x00000000080014b0       0xac Src/main.o
                0x00000000080014b0                main
 .text.initBullet
                0x000000000800155c       0x68 Src/structures.o
                0x000000000800155c                initBullet
 .text.add_bullet
                0x00000000080015c4       0xdc Src/structures.o
                0x00000000080015c4                add_bullet
 .text.draw_bullet
                0x00000000080016a0       0xd0 Src/structures.o
                0x00000000080016a0                draw_bullet
 .text._read    0x0000000008001770       0x3a Src/syscalls.o
                0x0000000008001770                _read
 .text._close   0x00000000080017aa       0x18 Src/syscalls.o
                0x00000000080017aa                _close
 .text._fstat   0x00000000080017c2       0x20 Src/syscalls.o
                0x00000000080017c2                _fstat
 .text._isatty  0x00000000080017e2       0x16 Src/syscalls.o
                0x00000000080017e2                _isatty
 .text._lseek   0x00000000080017f8       0x1a Src/syscalls.o
                0x00000000080017f8                _lseek
 *fill*         0x0000000008001812        0x2 
 .text._sbrk    0x0000000008001814       0x58 Src/sysmem.o
                0x0000000008001814                _sbrk
 .text.SystemInit
                0x000000000800186c       0x94 Src/system_stm32f30x.o
                0x000000000800186c                SystemInit
 .text.SetSysClock
                0x0000000008001900       0x90 Src/system_stm32f30x.o
 .text.Reset_Handler
                0x0000000008001990       0x50 Startup/startup_stm32f302r8tx.o
                0x0000000008001990                Reset_Handler
 .text.Default_Handler
                0x00000000080019e0        0x2 Startup/startup_stm32f302r8tx.o
                0x00000000080019e0                TIM8_TRG_COM_IRQHandler
                0x00000000080019e0                TIM8_CC_IRQHandler
                0x00000000080019e0                DebugMon_Handler
                0x00000000080019e0                DMA1_CH4_IRQHandler
                0x00000000080019e0                TIM1_CC_IRQHandler
                0x00000000080019e0                HardFault_Handler
                0x00000000080019e0                USB_HP_IRQHandler
                0x00000000080019e0                I2C2_EV_EXTI24_IRQHandler
                0x00000000080019e0                SysTick_Handler
                0x00000000080019e0                USB_WKUP_EXTI_IRQHandler
                0x00000000080019e0                PVD_IRQHandler
                0x00000000080019e0                UART4_EXTI34_IRQHandler
                0x00000000080019e0                TAMP_STAMP_IRQHandler
                0x00000000080019e0                PendSV_Handler
                0x00000000080019e0                NMI_Handler
                0x00000000080019e0                EXTI3_IRQHandler
                0x00000000080019e0                TIM6_DACUNDER_IRQHandler
                0x00000000080019e0                USB_HP_CAN_TX_IRQHandler
                0x00000000080019e0                EXTI0_IRQHandler
                0x00000000080019e0                DMA2_CH1_IRQHandler
                0x00000000080019e0                FPU_IRQHandler
                0x00000000080019e0                TIM1_UP_TIM16_IRQHandler
                0x00000000080019e0                UsageFault_Handler
                0x00000000080019e0                ADC1_2_IRQHandler
                0x00000000080019e0                SPI1_IRQHandler
                0x00000000080019e0                CAN_SCE_IRQHandler
                0x00000000080019e0                DMA1_CH7_IRQHandler
                0x00000000080019e0                TIM8_UP_IRQHandler
                0x00000000080019e0                DMA1_CH6_IRQHandler
                0x00000000080019e0                ADC3_IRQHandler
                0x00000000080019e0                TIM4_IRQHandler
                0x00000000080019e0                CAN_RX1_IRQHandler
                0x00000000080019e0                USART1_EXTI25_IRQHandler
                0x00000000080019e0                DMA2_CH5_IRQHandler
                0x00000000080019e0                I2C1_EV_EXTI23_IRQHandler
                0x00000000080019e0                DMA1_CH3_IRQHandler
                0x00000000080019e0                TIM3_IRQHandler
                0x00000000080019e0                RCC_IRQHandler
                0x00000000080019e0                Default_Handler
                0x00000000080019e0                EXTI15_10_IRQHandler
                0x00000000080019e0                USART2_EXTI26_IRQHandler
                0x00000000080019e0                USART3_EXTI28_IRQHandler
                0x00000000080019e0                TIM7_IRQHandler
                0x00000000080019e0                EXTI9_5_IRQHandler
                0x00000000080019e0                DMA1_CH2_IRQHandler
                0x00000000080019e0                RTC_WKUP_IRQHandler
                0x00000000080019e0                SPI2_IRQHandler
                0x00000000080019e0                DMA1_CH1_IRQHandler
                0x00000000080019e0                USB_LP_CAN_RX0_IRQHandler
                0x00000000080019e0                MemManage_Handler
                0x00000000080019e0                SVC_Handler
                0x00000000080019e0                USB_LP_IRQHandler
                0x00000000080019e0                EXTI4_IRQHandler
                0x00000000080019e0                TIM1_TRG_COM_TIM17_IRQHandler
                0x00000000080019e0                ADC4_IRQHandler
                0x00000000080019e0                WWDG_IRQHandler
                0x00000000080019e0                EXTI1_IRQHandler
                0x00000000080019e0                RTCAlarm_IRQHandler
                0x00000000080019e0                UART5_EXTI35_IRQHandler
                0x00000000080019e0                I2C2_ER_IRQHandler
                0x00000000080019e0                TIM8_BRK_IRQHandler
                0x00000000080019e0                FLASH_IRQHandler
                0x00000000080019e0                BusFault_Handler
                0x00000000080019e0                SPI3_IRQHandler
                0x00000000080019e0                DMA2_CH3_IRQHandler
                0x00000000080019e0                DMA2_CH2_IRQHandler
                0x00000000080019e0                I2C1_ER_IRQHandler
                0x00000000080019e0                FMC_IRQHandler
                0x00000000080019e0                DMA1_CH5_IRQHandler
                0x00000000080019e0                DMA2_CH4_IRQHandler
                0x00000000080019e0                USB_WKUP_IRQHandler
                0x00000000080019e0                EXTI2_TSC_IRQHandler
                0x00000000080019e0                TIM1_BRK_TIM15_IRQHandler
 *fill*         0x00000000080019e2        0x2 
 .text.__errno  0x00000000080019e4        0xc e:/st/stm32cubeide_1.5.1/stm32cubeide/plugins/com.st.stm32cube.ide.mcu.externaltools.gnu-tools-for-stm32.7-2018-q2-update.win32_1.5.0.202011040924/tools/bin/../lib/gcc/arm-none-eabi/7.3.1/../../../../arm-none-eabi/lib/thumb/v7e-m/fpv4-sp/hard\libc_nano.a(lib_a-errno.o)
                0x00000000080019e4                __errno
 .text.__libc_init_array
                0x00000000080019f0       0x48 e:/st/stm32cubeide_1.5.1/stm32cubeide/plugins/com.st.stm32cube.ide.mcu.externaltools.gnu-tools-for-stm32.7-2018-q2-update.win32_1.5.0.202011040924/tools/bin/../lib/gcc/arm-none-eabi/7.3.1/../../../../arm-none-eabi/lib/thumb/v7e-m/fpv4-sp/hard\libc_nano.a(lib_a-init.o)
                0x00000000080019f0                __libc_init_array
 .text.malloc   0x0000000008001a38       0x10 e:/st/stm32cubeide_1.5.1/stm32cubeide/plugins/com.st.stm32cube.ide.mcu.externaltools.gnu-tools-for-stm32.7-2018-q2-update.win32_1.5.0.202011040924/tools/bin/../lib/gcc/arm-none-eabi/7.3.1/../../../../arm-none-eabi/lib/thumb/v7e-m/fpv4-sp/hard\libc_nano.a(lib_a-malloc.o)
                0x0000000008001a38                malloc
 .text.memset   0x0000000008001a48       0x10 e:/st/stm32cubeide_1.5.1/stm32cubeide/plugins/com.st.stm32cube.ide.mcu.externaltools.gnu-tools-for-stm32.7-2018-q2-update.win32_1.5.0.202011040924/tools/bin/../lib/gcc/arm-none-eabi/7.3.1/../../../../arm-none-eabi/lib/thumb/v7e-m/fpv4-sp/hard\libc_nano.a(lib_a-memset.o)
                0x0000000008001a48                memset
 .text._free_r  0x0000000008001a58       0x9c e:/st/stm32cubeide_1.5.1/stm32cubeide/plugins/com.st.stm32cube.ide.mcu.externaltools.gnu-tools-for-stm32.7-2018-q2-update.win32_1.5.0.202011040924/tools/bin/../lib/gcc/arm-none-eabi/7.3.1/../../../../arm-none-eabi/lib/thumb/v7e-m/fpv4-sp/hard\libc_nano.a(lib_a-nano-freer.o)
                0x0000000008001a58                _free_r
 .text._malloc_r
                0x0000000008001af4       0xb4 e:/st/stm32cubeide_1.5.1/stm32cubeide/plugins/com.st.stm32cube.ide.mcu.externaltools.gnu-tools-for-stm32.7-2018-q2-update.win32_1.5.0.202011040924/tools/bin/../lib/gcc/arm-none-eabi/7.3.1/../../../../arm-none-eabi/lib/thumb/v7e-m/fpv4-sp/hard\libc_nano.a(lib_a-nano-mallocr.o)
                0x0000000008001af4                _malloc_r
 .text.printf   0x0000000008001ba8       0x30 e:/st/stm32cubeide_1.5.1/stm32cubeide/plugins/com.st.stm32cube.ide.mcu.externaltools.gnu-tools-for-stm32.7-2018-q2-update.win32_1.5.0.202011040924/tools/bin/../lib/gcc/arm-none-eabi/7.3.1/../../../../arm-none-eabi/lib/thumb/v7e-m/fpv4-sp/hard\libc_nano.a(lib_a-printf.o)
                0x0000000008001ba8                iprintf
                0x0000000008001ba8                printf
 .text._puts_r  0x0000000008001bd8       0xb8 e:/st/stm32cubeide_1.5.1/stm32cubeide/plugins/com.st.stm32cube.ide.mcu.externaltools.gnu-tools-for-stm32.7-2018-q2-update.win32_1.5.0.202011040924/tools/bin/../lib/gcc/arm-none-eabi/7.3.1/../../../../arm-none-eabi/lib/thumb/v7e-m/fpv4-sp/hard\libc_nano.a(lib_a-puts.o)
                0x0000000008001bd8                _puts_r
 .text.puts     0x0000000008001c90       0x10 e:/st/stm32cubeide_1.5.1/stm32cubeide/plugins/com.st.stm32cube.ide.mcu.externaltools.gnu-tools-for-stm32.7-2018-q2-update.win32_1.5.0.202011040924/tools/bin/../lib/gcc/arm-none-eabi/7.3.1/../../../../arm-none-eabi/lib/thumb/v7e-m/fpv4-sp/hard\libc_nano.a(lib_a-puts.o)
                0x0000000008001c90                puts
 .text._sbrk_r  0x0000000008001ca0       0x20 e:/st/stm32cubeide_1.5.1/stm32cubeide/plugins/com.st.stm32cube.ide.mcu.externaltools.gnu-tools-for-stm32.7-2018-q2-update.win32_1.5.0.202011040924/tools/bin/../lib/gcc/arm-none-eabi/7.3.1/../../../../arm-none-eabi/lib/thumb/v7e-m/fpv4-sp/hard\libc_nano.a(lib_a-sbrkr.o)
                0x0000000008001ca0                _sbrk_r
 .text.setbuf   0x0000000008001cc0       0x10 e:/st/stm32cubeide_1.5.1/stm32cubeide/plugins/com.st.stm32cube.ide.mcu.externaltools.gnu-tools-for-stm32.7-2018-q2-update.win32_1.5.0.202011040924/tools/bin/../lib/gcc/arm-none-eabi/7.3.1/../../../../arm-none-eabi/lib/thumb/v7e-m/fpv4-sp/hard\libc_nano.a(lib_a-setbuf.o)
                0x0000000008001cc0                setbuf
 .text.setvbuf  0x0000000008001cd0      0x15c e:/st/stm32cubeide_1.5.1/stm32cubeide/plugins/com.st.stm32cube.ide.mcu.externaltools.gnu-tools-for-stm32.7-2018-q2-update.win32_1.5.0.202011040924/tools/bin/../lib/gcc/arm-none-eabi/7.3.1/../../../../arm-none-eabi/lib/thumb/v7e-m/fpv4-sp/hard\libc_nano.a(lib_a-setvbuf.o)
                0x0000000008001cd0                setvbuf
 .text.__swbuf_r
                0x0000000008001e2c       0xa4 e:/st/stm32cubeide_1.5.1/stm32cubeide/plugins/com.st.stm32cube.ide.mcu.externaltools.gnu-tools-for-stm32.7-2018-q2-update.win32_1.5.0.202011040924/tools/bin/../lib/gcc/arm-none-eabi/7.3.1/../../../../arm-none-eabi/lib/thumb/v7e-m/fpv4-sp/hard\libc_nano.a(lib_a-wbuf.o)
                0x0000000008001e2c                __swbuf_r
 .text.__swsetup_r
                0x0000000008001ed0       0xdc e:/st/stm32cubeide_1.5.1/stm32cubeide/plugins/com.st.stm32cube.ide.mcu.externaltools.gnu-tools-for-stm32.7-2018-q2-update.win32_1.5.0.202011040924/tools/bin/../lib/gcc/arm-none-eabi/7.3.1/../../../../arm-none-eabi/lib/thumb/v7e-m/fpv4-sp/hard\libc_nano.a(lib_a-wsetup.o)
                0x0000000008001ed0                __swsetup_r
 .text.__sflush_r
                0x0000000008001fac      0x10c e:/st/stm32cubeide_1.5.1/stm32cubeide/plugins/com.st.stm32cube.ide.mcu.externaltools.gnu-tools-for-stm32.7-2018-q2-update.win32_1.5.0.202011040924/tools/bin/../lib/gcc/arm-none-eabi/7.3.1/../../../../arm-none-eabi/lib/thumb/v7e-m/fpv4-sp/hard\libc_nano.a(lib_a-fflush.o)
                0x0000000008001fac                __sflush_r
 .text._fflush_r
                0x00000000080020b8       0x54 e:/st/stm32cubeide_1.5.1/stm32cubeide/plugins/com.st.stm32cube.ide.mcu.externaltools.gnu-tools-for-stm32.7-2018-q2-update.win32_1.5.0.202011040924/tools/bin/../lib/gcc/arm-none-eabi/7.3.1/../../../../arm-none-eabi/lib/thumb/v7e-m/fpv4-sp/hard\libc_nano.a(lib_a-fflush.o)
                0x00000000080020b8                _fflush_r
 .text.std      0x000000000800210c       0x48 e:/st/stm32cubeide_1.5.1/stm32cubeide/plugins/com.st.stm32cube.ide.mcu.externaltools.gnu-tools-for-stm32.7-2018-q2-update.win32_1.5.0.202011040924/tools/bin/../lib/gcc/arm-none-eabi/7.3.1/../../../../arm-none-eabi/lib/thumb/v7e-m/fpv4-sp/hard\libc_nano.a(lib_a-findfp.o)
 .text._cleanup_r
                0x0000000008002154        0xc e:/st/stm32cubeide_1.5.1/stm32cubeide/plugins/com.st.stm32cube.ide.mcu.externaltools.gnu-tools-for-stm32.7-2018-q2-update.win32_1.5.0.202011040924/tools/bin/../lib/gcc/arm-none-eabi/7.3.1/../../../../arm-none-eabi/lib/thumb/v7e-m/fpv4-sp/hard\libc_nano.a(lib_a-findfp.o)
                0x0000000008002154                _cleanup_r
 .text.__sfmoreglue
                0x0000000008002160       0x2c e:/st/stm32cubeide_1.5.1/stm32cubeide/plugins/com.st.stm32cube.ide.mcu.externaltools.gnu-tools-for-stm32.7-2018-q2-update.win32_1.5.0.202011040924/tools/bin/../lib/gcc/arm-none-eabi/7.3.1/../../../../arm-none-eabi/lib/thumb/v7e-m/fpv4-sp/hard\libc_nano.a(lib_a-findfp.o)
                0x0000000008002160                __sfmoreglue
 .text.__sinit  0x000000000800218c       0x60 e:/st/stm32cubeide_1.5.1/stm32cubeide/plugins/com.st.stm32cube.ide.mcu.externaltools.gnu-tools-for-stm32.7-2018-q2-update.win32_1.5.0.202011040924/tools/bin/../lib/gcc/arm-none-eabi/7.3.1/../../../../arm-none-eabi/lib/thumb/v7e-m/fpv4-sp/hard\libc_nano.a(lib_a-findfp.o)
                0x000000000800218c                __sinit
 .text.__sfp    0x00000000080021ec       0x78 e:/st/stm32cubeide_1.5.1/stm32cubeide/plugins/com.st.stm32cube.ide.mcu.externaltools.gnu-tools-for-stm32.7-2018-q2-update.win32_1.5.0.202011040924/tools/bin/../lib/gcc/arm-none-eabi/7.3.1/../../../../arm-none-eabi/lib/thumb/v7e-m/fpv4-sp/hard\libc_nano.a(lib_a-findfp.o)
                0x00000000080021ec                __sfp
 .text._fwalk_reent
                0x0000000008002264       0x3c e:/st/stm32cubeide_1.5.1/stm32cubeide/plugins/com.st.stm32cube.ide.mcu.externaltools.gnu-tools-for-stm32.7-2018-q2-update.win32_1.5.0.202011040924/tools/bin/../lib/gcc/arm-none-eabi/7.3.1/../../../../arm-none-eabi/lib/thumb/v7e-m/fpv4-sp/hard\libc_nano.a(lib_a-fwalk.o)
                0x0000000008002264                _fwalk_reent
 .text.__swhatbuf_r
                0x00000000080022a0       0x48 e:/st/stm32cubeide_1.5.1/stm32cubeide/plugins/com.st.stm32cube.ide.mcu.externaltools.gnu-tools-for-stm32.7-2018-q2-update.win32_1.5.0.202011040924/tools/bin/../lib/gcc/arm-none-eabi/7.3.1/../../../../arm-none-eabi/lib/thumb/v7e-m/fpv4-sp/hard\libc_nano.a(lib_a-makebuf.o)
                0x00000000080022a0                __swhatbuf_r
 .text.__smakebuf_r
                0x00000000080022e8       0x80 e:/st/stm32cubeide_1.5.1/stm32cubeide/plugins/com.st.stm32cube.ide.mcu.externaltools.gnu-tools-for-stm32.7-2018-q2-update.win32_1.5.0.202011040924/tools/bin/../lib/gcc/arm-none-eabi/7.3.1/../../../../arm-none-eabi/lib/thumb/v7e-m/fpv4-sp/hard\libc_nano.a(lib_a-makebuf.o)
                0x00000000080022e8                __smakebuf_r
 .text.__malloc_lock
                0x0000000008002368        0x2 e:/st/stm32cubeide_1.5.1/stm32cubeide/plugins/com.st.stm32cube.ide.mcu.externaltools.gnu-tools-for-stm32.7-2018-q2-update.win32_1.5.0.202011040924/tools/bin/../lib/gcc/arm-none-eabi/7.3.1/../../../../arm-none-eabi/lib/thumb/v7e-m/fpv4-sp/hard\libc_nano.a(lib_a-mlock.o)
                0x0000000008002368                __malloc_lock
 .text.__malloc_unlock
                0x000000000800236a        0x2 e:/st/stm32cubeide_1.5.1/stm32cubeide/plugins/com.st.stm32cube.ide.mcu.externaltools.gnu-tools-for-stm32.7-2018-q2-update.win32_1.5.0.202011040924/tools/bin/../lib/gcc/arm-none-eabi/7.3.1/../../../../arm-none-eabi/lib/thumb/v7e-m/fpv4-sp/hard\libc_nano.a(lib_a-mlock.o)
                0x000000000800236a                __malloc_unlock
 .text.__sfputc_r
                0x000000000800236c       0x2e e:/st/stm32cubeide_1.5.1/stm32cubeide/plugins/com.st.stm32cube.ide.mcu.externaltools.gnu-tools-for-stm32.7-2018-q2-update.win32_1.5.0.202011040924/tools/bin/../lib/gcc/arm-none-eabi/7.3.1/../../../../arm-none-eabi/lib/thumb/v7e-m/fpv4-sp/hard\libc_nano.a(lib_a-nano-vfprintf.o)
 .text.__sfputs_r
                0x000000000800239a       0x24 e:/st/stm32cubeide_1.5.1/stm32cubeide/plugins/com.st.stm32cube.ide.mcu.externaltools.gnu-tools-for-stm32.7-2018-q2-update.win32_1.5.0.202011040924/tools/bin/../lib/gcc/arm-none-eabi/7.3.1/../../../../arm-none-eabi/lib/thumb/v7e-m/fpv4-sp/hard\libc_nano.a(lib_a-nano-vfprintf.o)
                0x000000000800239a                __sfputs_r
 *fill*         0x00000000080023be        0x2 
 .text._vfprintf_r
                0x00000000080023c0      0x22c e:/st/stm32cubeide_1.5.1/stm32cubeide/plugins/com.st.stm32cube.ide.mcu.externaltools.gnu-tools-for-stm32.7-2018-q2-update.win32_1.5.0.202011040924/tools/bin/../lib/gcc/arm-none-eabi/7.3.1/../../../../arm-none-eabi/lib/thumb/v7e-m/fpv4-sp/hard\libc_nano.a(lib_a-nano-vfprintf.o)
                0x00000000080023c0                _vfprintf_r
                0x00000000080023c0                _vfiprintf_r
 .text._printf_common
                0x00000000080025ec       0xea e:/st/stm32cubeide_1.5.1/stm32cubeide/plugins/com.st.stm32cube.ide.mcu.externaltools.gnu-tools-for-stm32.7-2018-q2-update.win32_1.5.0.202011040924/tools/bin/../lib/gcc/arm-none-eabi/7.3.1/../../../../arm-none-eabi/lib/thumb/v7e-m/fpv4-sp/hard\libc_nano.a(lib_a-nano-vfprintf_i.o)
                0x00000000080025ec                _printf_common
 *fill*         0x00000000080026d6        0x2 
 .text._printf_i
                0x00000000080026d8      0x224 e:/st/stm32cubeide_1.5.1/stm32cubeide/plugins/com.st.stm32cube.ide.mcu.externaltools.gnu-tools-for-stm32.7-2018-q2-update.win32_1.5.0.202011040924/tools/bin/../lib/gcc/arm-none-eabi/7.3.1/../../../../arm-none-eabi/lib/thumb/v7e-m/fpv4-sp/hard\libc_nano.a(lib_a-nano-vfprintf_i.o)
                0x00000000080026d8                _printf_i
 .text.__sread  0x00000000080028fc       0x22 e:/st/stm32cubeide_1.5.1/stm32cubeide/plugins/com.st.stm32cube.ide.mcu.externaltools.gnu-tools-for-stm32.7-2018-q2-update.win32_1.5.0.202011040924/tools/bin/../lib/gcc/arm-none-eabi/7.3.1/../../../../arm-none-eabi/lib/thumb/v7e-m/fpv4-sp/hard\libc_nano.a(lib_a-stdio.o)
                0x00000000080028fc                __sread
 .text.__swrite
                0x000000000800291e       0x38 e:/st/stm32cubeide_1.5.1/stm32cubeide/plugins/com.st.stm32cube.ide.mcu.externaltools.gnu-tools-for-stm32.7-2018-q2-update.win32_1.5.0.202011040924/tools/bin/../lib/gcc/arm-none-eabi/7.3.1/../../../../arm-none-eabi/lib/thumb/v7e-m/fpv4-sp/hard\libc_nano.a(lib_a-stdio.o)
                0x000000000800291e                __swrite
 .text.__sseek  0x0000000008002956       0x24 e:/st/stm32cubeide_1.5.1/stm32cubeide/plugins/com.st.stm32cube.ide.mcu.externaltools.gnu-tools-for-stm32.7-2018-q2-update.win32_1.5.0.202011040924/tools/bin/../lib/gcc/arm-none-eabi/7.3.1/../../../../arm-none-eabi/lib/thumb/v7e-m/fpv4-sp/hard\libc_nano.a(lib_a-stdio.o)
                0x0000000008002956                __sseek
 .text.__sclose
                0x000000000800297a        0x8 e:/st/stm32cubeide_1.5.1/stm32cubeide/plugins/com.st.stm32cube.ide.mcu.externaltools.gnu-tools-for-stm32.7-2018-q2-update.win32_1.5.0.202011040924/tools/bin/../lib/gcc/arm-none-eabi/7.3.1/../../../../arm-none-eabi/lib/thumb/v7e-m/fpv4-sp/hard\libc_nano.a(lib_a-stdio.o)
                0x000000000800297a                __sclose
 *fill*         0x0000000008002982        0x2 
 .text._close_r
                0x0000000008002984       0x20 e:/st/stm32cubeide_1.5.1/stm32cubeide/plugins/com.st.stm32cube.ide.mcu.externaltools.gnu-tools-for-stm32.7-2018-q2-update.win32_1.5.0.202011040924/tools/bin/../lib/gcc/arm-none-eabi/7.3.1/../../../../arm-none-eabi/lib/thumb/v7e-m/fpv4-sp/hard\libc_nano.a(lib_a-closer.o)
                0x0000000008002984                _close_r
 .text._fstat_r
                0x00000000080029a4       0x24 e:/st/stm32cubeide_1.5.1/stm32cubeide/plugins/com.st.stm32cube.ide.mcu.externaltools.gnu-tools-for-stm32.7-2018-q2-update.win32_1.5.0.202011040924/tools/bin/../lib/gcc/arm-none-eabi/7.3.1/../../../../arm-none-eabi/lib/thumb/v7e-m/fpv4-sp/hard\libc_nano.a(lib_a-fstatr.o)
                0x00000000080029a4                _fstat_r
 .text._isatty_r
                0x00000000080029c8       0x20 e:/st/stm32cubeide_1.5.1/stm32cubeide/plugins/com.st.stm32cube.ide.mcu.externaltools.gnu-tools-for-stm32.7-2018-q2-update.win32_1.5.0.202011040924/tools/bin/../lib/gcc/arm-none-eabi/7.3.1/../../../../arm-none-eabi/lib/thumb/v7e-m/fpv4-sp/hard\libc_nano.a(lib_a-isattyr.o)
                0x00000000080029c8                _isatty_r
 .text._lseek_r
                0x00000000080029e8       0x24 e:/st/stm32cubeide_1.5.1/stm32cubeide/plugins/com.st.stm32cube.ide.mcu.externaltools.gnu-tools-for-stm32.7-2018-q2-update.win32_1.5.0.202011040924/tools/bin/../lib/gcc/arm-none-eabi/7.3.1/../../../../arm-none-eabi/lib/thumb/v7e-m/fpv4-sp/hard\libc_nano.a(lib_a-lseekr.o)
                0x00000000080029e8                _lseek_r
 .text._read_r  0x0000000008002a0c       0x24 e:/st/stm32cubeide_1.5.1/stm32cubeide/plugins/com.st.stm32cube.ide.mcu.externaltools.gnu-tools-for-stm32.7-2018-q2-update.win32_1.5.0.202011040924/tools/bin/../lib/gcc/arm-none-eabi/7.3.1/../../../../arm-none-eabi/lib/thumb/v7e-m/fpv4-sp/hard\libc_nano.a(lib_a-readr.o)
                0x0000000008002a0c                _read_r
 *(.glue_7)
 .glue_7        0x0000000008002a30        0x0 linker stubs
 *(.glue_7t)
 .glue_7t       0x0000000008002a30        0x0 linker stubs
 *(.eh_frame)
 .eh_frame      0x0000000008002a30        0x0 e:/st/stm32cubeide_1.5.1/stm32cubeide/plugins/com.st.stm32cube.ide.mcu.externaltools.gnu-tools-for-stm32.7-2018-q2-update.win32_1.5.0.202011040924/tools/bin/../lib/gcc/arm-none-eabi/7.3.1/thumb/v7e-m/fpv4-sp/hard/crtbegin.o
 *(.init)
 .init          0x0000000008002a30        0x4 e:/st/stm32cubeide_1.5.1/stm32cubeide/plugins/com.st.stm32cube.ide.mcu.externaltools.gnu-tools-for-stm32.7-2018-q2-update.win32_1.5.0.202011040924/tools/bin/../lib/gcc/arm-none-eabi/7.3.1/thumb/v7e-m/fpv4-sp/hard/crti.o
                0x0000000008002a30                _init
 .init          0x0000000008002a34        0x8 e:/st/stm32cubeide_1.5.1/stm32cubeide/plugins/com.st.stm32cube.ide.mcu.externaltools.gnu-tools-for-stm32.7-2018-q2-update.win32_1.5.0.202011040924/tools/bin/../lib/gcc/arm-none-eabi/7.3.1/thumb/v7e-m/fpv4-sp/hard/crtn.o
 *(.fini)
 .fini          0x0000000008002a3c        0x4 e:/st/stm32cubeide_1.5.1/stm32cubeide/plugins/com.st.stm32cube.ide.mcu.externaltools.gnu-tools-for-stm32.7-2018-q2-update.win32_1.5.0.202011040924/tools/bin/../lib/gcc/arm-none-eabi/7.3.1/thumb/v7e-m/fpv4-sp/hard/crti.o
                0x0000000008002a3c                _fini
 .fini          0x0000000008002a40        0x8 e:/st/stm32cubeide_1.5.1/stm32cubeide/plugins/com.st.stm32cube.ide.mcu.externaltools.gnu-tools-for-stm32.7-2018-q2-update.win32_1.5.0.202011040924/tools/bin/../lib/gcc/arm-none-eabi/7.3.1/thumb/v7e-m/fpv4-sp/hard/crtn.o
                0x0000000008002a48                . = ALIGN (0x4)
                0x0000000008002a48                _etext = .

.vfp11_veneer   0x0000000008002a48        0x0
 .vfp11_veneer  0x0000000008002a48        0x0 linker stubs

.v4_bx          0x0000000008002a48        0x0
 .v4_bx         0x0000000008002a48        0x0 linker stubs

.iplt           0x0000000008002a48        0x0
 .iplt          0x0000000008002a48        0x0 e:/st/stm32cubeide_1.5.1/stm32cubeide/plugins/com.st.stm32cube.ide.mcu.externaltools.gnu-tools-for-stm32.7-2018-q2-update.win32_1.5.0.202011040924/tools/bin/../lib/gcc/arm-none-eabi/7.3.1/thumb/v7e-m/fpv4-sp/hard/crtbegin.o

.rodata         0x0000000008002a48      0x11c
                0x0000000008002a48                . = ALIGN (0x4)
 *(.rodata)
 .rodata        0x0000000008002a48       0x1b Src/Timer.o
 *fill*         0x0000000008002a63        0x1 
 .rodata        0x0000000008002a64       0x67 Src/ansi.o
 *(.rodata*)
 *fill*         0x0000000008002acb        0x1 
 .rodata._global_impure_ptr
                0x0000000008002acc        0x4 e:/st/stm32cubeide_1.5.1/stm32cubeide/plugins/com.st.stm32cube.ide.mcu.externaltools.gnu-tools-for-stm32.7-2018-q2-update.win32_1.5.0.202011040924/tools/bin/../lib/gcc/arm-none-eabi/7.3.1/../../../../arm-none-eabi/lib/thumb/v7e-m/fpv4-sp/hard\libc_nano.a(lib_a-impure.o)
                0x0000000008002acc                _global_impure_ptr
 .rodata.__sf_fake_stderr
                0x0000000008002ad0       0x20 e:/st/stm32cubeide_1.5.1/stm32cubeide/plugins/com.st.stm32cube.ide.mcu.externaltools.gnu-tools-for-stm32.7-2018-q2-update.win32_1.5.0.202011040924/tools/bin/../lib/gcc/arm-none-eabi/7.3.1/../../../../arm-none-eabi/lib/thumb/v7e-m/fpv4-sp/hard\libc_nano.a(lib_a-findfp.o)
                0x0000000008002ad0                __sf_fake_stderr
 .rodata.__sf_fake_stdin
                0x0000000008002af0       0x20 e:/st/stm32cubeide_1.5.1/stm32cubeide/plugins/com.st.stm32cube.ide.mcu.externaltools.gnu-tools-for-stm32.7-2018-q2-update.win32_1.5.0.202011040924/tools/bin/../lib/gcc/arm-none-eabi/7.3.1/../../../../arm-none-eabi/lib/thumb/v7e-m/fpv4-sp/hard\libc_nano.a(lib_a-findfp.o)
                0x0000000008002af0                __sf_fake_stdin
 .rodata.__sf_fake_stdout
                0x0000000008002b10       0x20 e:/st/stm32cubeide_1.5.1/stm32cubeide/plugins/com.st.stm32cube.ide.mcu.externaltools.gnu-tools-for-stm32.7-2018-q2-update.win32_1.5.0.202011040924/tools/bin/../lib/gcc/arm-none-eabi/7.3.1/../../../../arm-none-eabi/lib/thumb/v7e-m/fpv4-sp/hard\libc_nano.a(lib_a-findfp.o)
                0x0000000008002b10                __sf_fake_stdout
 .rodata._vfprintf_r.str1.1
                0x0000000008002b30       0x11 e:/st/stm32cubeide_1.5.1/stm32cubeide/plugins/com.st.stm32cube.ide.mcu.externaltools.gnu-tools-for-stm32.7-2018-q2-update.win32_1.5.0.202011040924/tools/bin/../lib/gcc/arm-none-eabi/7.3.1/../../../../arm-none-eabi/lib/thumb/v7e-m/fpv4-sp/hard\libc_nano.a(lib_a-nano-vfprintf.o)
 .rodata._printf_i.str1.1
                0x0000000008002b41       0x22 e:/st/stm32cubeide_1.5.1/stm32cubeide/plugins/com.st.stm32cube.ide.mcu.externaltools.gnu-tools-for-stm32.7-2018-q2-update.win32_1.5.0.202011040924/tools/bin/../lib/gcc/arm-none-eabi/7.3.1/../../../../arm-none-eabi/lib/thumb/v7e-m/fpv4-sp/hard\libc_nano.a(lib_a-nano-vfprintf_i.o)
                0x0000000008002b64                . = ALIGN (0x4)
 *fill*         0x0000000008002b63        0x1 

.rel.dyn        0x0000000008002b64        0x0
 .rel.iplt      0x0000000008002b64        0x0 e:/st/stm32cubeide_1.5.1/stm32cubeide/plugins/com.st.stm32cube.ide.mcu.externaltools.gnu-tools-for-stm32.7-2018-q2-update.win32_1.5.0.202011040924/tools/bin/../lib/gcc/arm-none-eabi/7.3.1/thumb/v7e-m/fpv4-sp/hard/crtbegin.o

.ARM.extab      0x0000000008002b64        0x0
                0x0000000008002b64                . = ALIGN (0x4)
 *(.ARM.extab* .gnu.linkonce.armextab.*)
                0x0000000008002b64                . = ALIGN (0x4)

.ARM            0x0000000008002b64        0x0
                0x0000000008002b64                . = ALIGN (0x4)
                0x0000000008002b64                __exidx_start = .
 *(.ARM.exidx*)
                0x0000000008002b64                __exidx_end = .
                0x0000000008002b64                . = ALIGN (0x4)

.preinit_array  0x0000000008002b64        0x0
                0x0000000008002b64                . = ALIGN (0x4)
                0x0000000008002b64                PROVIDE (__preinit_array_start = .)
 *(.preinit_array*)
                0x0000000008002b64                PROVIDE (__preinit_array_end = .)
                0x0000000008002b64                . = ALIGN (0x4)

.init_array     0x0000000008002b64        0x4
                0x0000000008002b64                . = ALIGN (0x4)
                0x0000000008002b64                PROVIDE (__init_array_start = .)
 *(SORT_BY_NAME(.init_array.*))
 *(.init_array*)
 .init_array    0x0000000008002b64        0x4 e:/st/stm32cubeide_1.5.1/stm32cubeide/plugins/com.st.stm32cube.ide.mcu.externaltools.gnu-tools-for-stm32.7-2018-q2-update.win32_1.5.0.202011040924/tools/bin/../lib/gcc/arm-none-eabi/7.3.1/thumb/v7e-m/fpv4-sp/hard/crtbegin.o
                0x0000000008002b68                PROVIDE (__init_array_end = .)
                0x0000000008002b68                . = ALIGN (0x4)

.fini_array     0x0000000008002b68        0x4
                0x0000000008002b68                . = ALIGN (0x4)
                [!provide]                        PROVIDE (__fini_array_start = .)
 *(SORT_BY_NAME(.fini_array.*))
 *(.fini_array*)
 .fini_array    0x0000000008002b68        0x4 e:/st/stm32cubeide_1.5.1/stm32cubeide/plugins/com.st.stm32cube.ide.mcu.externaltools.gnu-tools-for-stm32.7-2018-q2-update.win32_1.5.0.202011040924/tools/bin/../lib/gcc/arm-none-eabi/7.3.1/thumb/v7e-m/fpv4-sp/hard/crtbegin.o
                [!provide]                        PROVIDE (__fini_array_end = .)
                0x0000000008002b6c                . = ALIGN (0x4)
                0x0000000008002b6c                _sidata = LOADADDR (.data)

.data           0x0000000020000000       0x90 load address 0x0000000008002b6c
                0x0000000020000000                . = ALIGN (0x4)
                0x0000000020000000                _sdata = .
 *(.data)
 *(.data*)
 .data.APBAHBPrescTable
                0x0000000020000000       0x10 SPL/src/stm32f30x_rcc.o
 .data.ADCPrescTable
                0x0000000020000010       0x1a SPL/src/stm32f30x_rcc.o
 *fill*         0x000000002000002a        0x2 
 .data._impure_ptr
                0x000000002000002c        0x4 e:/st/stm32cubeide_1.5.1/stm32cubeide/plugins/com.st.stm32cube.ide.mcu.externaltools.gnu-tools-for-stm32.7-2018-q2-update.win32_1.5.0.202011040924/tools/bin/../lib/gcc/arm-none-eabi/7.3.1/../../../../arm-none-eabi/lib/thumb/v7e-m/fpv4-sp/hard\libc_nano.a(lib_a-impure.o)
                0x000000002000002c                _impure_ptr
 .data.impure_data
                0x0000000020000030       0x60 e:/st/stm32cubeide_1.5.1/stm32cubeide/plugins/com.st.stm32cube.ide.mcu.externaltools.gnu-tools-for-stm32.7-2018-q2-update.win32_1.5.0.202011040924/tools/bin/../lib/gcc/arm-none-eabi/7.3.1/../../../../arm-none-eabi/lib/thumb/v7e-m/fpv4-sp/hard\libc_nano.a(lib_a-impure.o)
                0x0000000020000090                . = ALIGN (0x4)
                0x0000000020000090                _edata = .

.igot.plt       0x0000000020000090        0x0 load address 0x0000000008002bfc
 .igot.plt      0x0000000020000090        0x0 e:/st/stm32cubeide_1.5.1/stm32cubeide/plugins/com.st.stm32cube.ide.mcu.externaltools.gnu-tools-for-stm32.7-2018-q2-update.win32_1.5.0.202011040924/tools/bin/../lib/gcc/arm-none-eabi/7.3.1/thumb/v7e-m/fpv4-sp/hard/crtbegin.o
                0x0000000020000090                . = ALIGN (0x4)

.bss            0x0000000020000090      0x134 load address 0x0000000008002bfc
                0x0000000020000090                _sbss = .
                0x0000000020000090                __bss_start__ = _sbss
 *(.bss)
 .bss           0x0000000020000090       0x1c e:/st/stm32cubeide_1.5.1/stm32cubeide/plugins/com.st.stm32cube.ide.mcu.externaltools.gnu-tools-for-stm32.7-2018-q2-update.win32_1.5.0.202011040924/tools/bin/../lib/gcc/arm-none-eabi/7.3.1/thumb/v7e-m/fpv4-sp/hard/crtbegin.o
 *(.bss*)
 .bss.UART_BUFFER
                0x00000000200000ac      0x100 Src/30010_io.o
                0x00000000200000ac                UART_BUFFER
 .bss.UART_END_IDX
                0x00000000200001ac        0x1 Src/30010_io.o
                0x00000000200001ac                UART_END_IDX
 .bss.UART_START_IDX
                0x00000000200001ad        0x1 Src/30010_io.o
                0x00000000200001ad                UART_START_IDX
 .bss.UART_COUNT
                0x00000000200001ae        0x1 Src/30010_io.o
                0x00000000200001ae                UART_COUNT
 .bss.count     0x00000000200001af        0x1 Src/main.o
                0x00000000200001af                count
 .bss.brah      0x00000000200001b0        0x1 Src/main.o
                0x00000000200001b0                brah
 *fill*         0x00000000200001b1        0x3 
 .bss.heap_end.6424
                0x00000000200001b4        0x4 Src/sysmem.o
 .bss.__malloc_free_list
                0x00000000200001b8        0x4 e:/st/stm32cubeide_1.5.1/stm32cubeide/plugins/com.st.stm32cube.ide.mcu.externaltools.gnu-tools-for-stm32.7-2018-q2-update.win32_1.5.0.202011040924/tools/bin/../lib/gcc/arm-none-eabi/7.3.1/../../../../arm-none-eabi/lib/thumb/v7e-m/fpv4-sp/hard\libc_nano.a(lib_a-nano-mallocr.o)
                0x00000000200001b8                __malloc_free_list
 .bss.__malloc_sbrk_start
                0x00000000200001bc        0x4 e:/st/stm32cubeide_1.5.1/stm32cubeide/plugins/com.st.stm32cube.ide.mcu.externaltools.gnu-tools-for-stm32.7-2018-q2-update.win32_1.5.0.202011040924/tools/bin/../lib/gcc/arm-none-eabi/7.3.1/../../../../arm-none-eabi/lib/thumb/v7e-m/fpv4-sp/hard\libc_nano.a(lib_a-nano-mallocr.o)
                0x00000000200001bc                __malloc_sbrk_start
 *(COMMON)
 COMMON         0x00000000200001c0        0x4 e:/st/stm32cubeide_1.5.1/stm32cubeide/plugins/com.st.stm32cube.ide.mcu.externaltools.gnu-tools-for-stm32.7-2018-q2-update.win32_1.5.0.202011040924/tools/bin/../lib/gcc/arm-none-eabi/7.3.1/../../../../arm-none-eabi/lib/thumb/v7e-m/fpv4-sp/hard\libc_nano.a(lib_a-reent.o)
                0x00000000200001c0                errno
                0x00000000200001c4                . = ALIGN (0x4)
                0x00000000200001c4                _ebss = .
                0x00000000200001c4                __bss_end__ = _ebss

._user_heap_stack
                0x00000000200001c4      0x604 load address 0x0000000008002bfc
                0x00000000200001c8                . = ALIGN (0x8)
 *fill*         0x00000000200001c4        0x4 
                0x00000000200001c8                PROVIDE (end = .)
                [!provide]                        PROVIDE (_end = .)
                0x00000000200003c8                . = (. + _Min_Heap_Size)
 *fill*         0x00000000200001c8      0x200 
                0x00000000200007c8                . = (. + _Min_Stack_Size)
 *fill*         0x00000000200003c8      0x400 
                0x00000000200007c8                . = ALIGN (0x8)

/DISCARD/
 libc.a(*)
 libm.a(*)
 libgcc.a(*)

.ARM.attributes
                0x0000000000000000       0x30
 *(.ARM.attributes)
 .ARM.attributes
                0x0000000000000000       0x22 e:/st/stm32cubeide_1.5.1/stm32cubeide/plugins/com.st.stm32cube.ide.mcu.externaltools.gnu-tools-for-stm32.7-2018-q2-update.win32_1.5.0.202011040924/tools/bin/../lib/gcc/arm-none-eabi/7.3.1/thumb/v7e-m/fpv4-sp/hard/crti.o
 .ARM.attributes
                0x0000000000000022       0x34 e:/st/stm32cubeide_1.5.1/stm32cubeide/plugins/com.st.stm32cube.ide.mcu.externaltools.gnu-tools-for-stm32.7-2018-q2-update.win32_1.5.0.202011040924/tools/bin/../lib/gcc/arm-none-eabi/7.3.1/thumb/v7e-m/fpv4-sp/hard/crtbegin.o
 .ARM.attributes
                0x0000000000000056       0x39 SPL/src/stm32f30x_rcc.o
 .ARM.attributes
                0x000000000000008f       0x39 SPL/src/stm32f30x_spi.o
 .ARM.attributes
                0x00000000000000c8       0x39 SPL/src/stm32f30x_usart.o
 .ARM.attributes
                0x0000000000000101       0x39 Src/30010_io.o
 .ARM.attributes
                0x000000000000013a       0x39 Src/Timer.o
 .ARM.attributes
                0x0000000000000173       0x39 Src/ansi.o
 .ARM.attributes
                0x00000000000001ac       0x39 Src/main.o
 .ARM.attributes
                0x00000000000001e5       0x39 Src/structures.o
 .ARM.attributes
                0x000000000000021e       0x39 Src/syscalls.o
 .ARM.attributes
                0x0000000000000257       0x39 Src/sysmem.o
 .ARM.attributes
                0x0000000000000290       0x39 Src/system_stm32f30x.o
 .ARM.attributes
                0x00000000000002c9       0x21 Startup/startup_stm32f302r8tx.o
 .ARM.attributes
                0x00000000000002ea       0x34 e:/st/stm32cubeide_1.5.1/stm32cubeide/plugins/com.st.stm32cube.ide.mcu.externaltools.gnu-tools-for-stm32.7-2018-q2-update.win32_1.5.0.202011040924/tools/bin/../lib/gcc/arm-none-eabi/7.3.1/../../../../arm-none-eabi/lib/thumb/v7e-m/fpv4-sp/hard\libc_nano.a(lib_a-errno.o)
 .ARM.attributes
                0x000000000000031e       0x34 e:/st/stm32cubeide_1.5.1/stm32cubeide/plugins/com.st.stm32cube.ide.mcu.externaltools.gnu-tools-for-stm32.7-2018-q2-update.win32_1.5.0.202011040924/tools/bin/../lib/gcc/arm-none-eabi/7.3.1/../../../../arm-none-eabi/lib/thumb/v7e-m/fpv4-sp/hard\libc_nano.a(lib_a-impure.o)
 .ARM.attributes
                0x0000000000000352       0x34 e:/st/stm32cubeide_1.5.1/stm32cubeide/plugins/com.st.stm32cube.ide.mcu.externaltools.gnu-tools-for-stm32.7-2018-q2-update.win32_1.5.0.202011040924/tools/bin/../lib/gcc/arm-none-eabi/7.3.1/../../../../arm-none-eabi/lib/thumb/v7e-m/fpv4-sp/hard\libc_nano.a(lib_a-init.o)
 .ARM.attributes
                0x0000000000000386       0x34 e:/st/stm32cubeide_1.5.1/stm32cubeide/plugins/com.st.stm32cube.ide.mcu.externaltools.gnu-tools-for-stm32.7-2018-q2-update.win32_1.5.0.202011040924/tools/bin/../lib/gcc/arm-none-eabi/7.3.1/../../../../arm-none-eabi/lib/thumb/v7e-m/fpv4-sp/hard\libc_nano.a(lib_a-malloc.o)
 .ARM.attributes
                0x00000000000003ba       0x34 e:/st/stm32cubeide_1.5.1/stm32cubeide/plugins/com.st.stm32cube.ide.mcu.externaltools.gnu-tools-for-stm32.7-2018-q2-update.win32_1.5.0.202011040924/tools/bin/../lib/gcc/arm-none-eabi/7.3.1/../../../../arm-none-eabi/lib/thumb/v7e-m/fpv4-sp/hard\libc_nano.a(lib_a-memset.o)
 .ARM.attributes
                0x00000000000003ee       0x34 e:/st/stm32cubeide_1.5.1/stm32cubeide/plugins/com.st.stm32cube.ide.mcu.externaltools.gnu-tools-for-stm32.7-2018-q2-update.win32_1.5.0.202011040924/tools/bin/../lib/gcc/arm-none-eabi/7.3.1/../../../../arm-none-eabi/lib/thumb/v7e-m/fpv4-sp/hard\libc_nano.a(lib_a-nano-freer.o)
 .ARM.attributes
                0x0000000000000422       0x34 e:/st/stm32cubeide_1.5.1/stm32cubeide/plugins/com.st.stm32cube.ide.mcu.externaltools.gnu-tools-for-stm32.7-2018-q2-update.win32_1.5.0.202011040924/tools/bin/../lib/gcc/arm-none-eabi/7.3.1/../../../../arm-none-eabi/lib/thumb/v7e-m/fpv4-sp/hard\libc_nano.a(lib_a-nano-mallocr.o)
 .ARM.attributes
                0x0000000000000456       0x34 e:/st/stm32cubeide_1.5.1/stm32cubeide/plugins/com.st.stm32cube.ide.mcu.externaltools.gnu-tools-for-stm32.7-2018-q2-update.win32_1.5.0.202011040924/tools/bin/../lib/gcc/arm-none-eabi/7.3.1/../../../../arm-none-eabi/lib/thumb/v7e-m/fpv4-sp/hard\libc_nano.a(lib_a-printf.o)
 .ARM.attributes
                0x000000000000048a       0x34 e:/st/stm32cubeide_1.5.1/stm32cubeide/plugins/com.st.stm32cube.ide.mcu.externaltools.gnu-tools-for-stm32.7-2018-q2-update.win32_1.5.0.202011040924/tools/bin/../lib/gcc/arm-none-eabi/7.3.1/../../../../arm-none-eabi/lib/thumb/v7e-m/fpv4-sp/hard\libc_nano.a(lib_a-puts.o)
 .ARM.attributes
                0x00000000000004be       0x34 e:/st/stm32cubeide_1.5.1/stm32cubeide/plugins/com.st.stm32cube.ide.mcu.externaltools.gnu-tools-for-stm32.7-2018-q2-update.win32_1.5.0.202011040924/tools/bin/../lib/gcc/arm-none-eabi/7.3.1/../../../../arm-none-eabi/lib/thumb/v7e-m/fpv4-sp/hard\libc_nano.a(lib_a-sbrkr.o)
 .ARM.attributes
                0x00000000000004f2       0x34 e:/st/stm32cubeide_1.5.1/stm32cubeide/plugins/com.st.stm32cube.ide.mcu.externaltools.gnu-tools-for-stm32.7-2018-q2-update.win32_1.5.0.202011040924/tools/bin/../lib/gcc/arm-none-eabi/7.3.1/../../../../arm-none-eabi/lib/thumb/v7e-m/fpv4-sp/hard\libc_nano.a(lib_a-setbuf.o)
 .ARM.attributes
                0x0000000000000526       0x34 e:/st/stm32cubeide_1.5.1/stm32cubeide/plugins/com.st.stm32cube.ide.mcu.externaltools.gnu-tools-for-stm32.7-2018-q2-update.win32_1.5.0.202011040924/tools/bin/../lib/gcc/arm-none-eabi/7.3.1/../../../../arm-none-eabi/lib/thumb/v7e-m/fpv4-sp/hard\libc_nano.a(lib_a-setvbuf.o)
 .ARM.attributes
                0x000000000000055a       0x34 e:/st/stm32cubeide_1.5.1/stm32cubeide/plugins/com.st.stm32cube.ide.mcu.externaltools.gnu-tools-for-stm32.7-2018-q2-update.win32_1.5.0.202011040924/tools/bin/../lib/gcc/arm-none-eabi/7.3.1/../../../../arm-none-eabi/lib/thumb/v7e-m/fpv4-sp/hard\libc_nano.a(lib_a-wbuf.o)
 .ARM.attributes
                0x000000000000058e       0x34 e:/st/stm32cubeide_1.5.1/stm32cubeide/plugins/com.st.stm32cube.ide.mcu.externaltools.gnu-tools-for-stm32.7-2018-q2-update.win32_1.5.0.202011040924/tools/bin/../lib/gcc/arm-none-eabi/7.3.1/../../../../arm-none-eabi/lib/thumb/v7e-m/fpv4-sp/hard\libc_nano.a(lib_a-wsetup.o)
 .ARM.attributes
                0x00000000000005c2       0x34 e:/st/stm32cubeide_1.5.1/stm32cubeide/plugins/com.st.stm32cube.ide.mcu.externaltools.gnu-tools-for-stm32.7-2018-q2-update.win32_1.5.0.202011040924/tools/bin/../lib/gcc/arm-none-eabi/7.3.1/../../../../arm-none-eabi/lib/thumb/v7e-m/fpv4-sp/hard\libc_nano.a(lib_a-fflush.o)
 .ARM.attributes
                0x00000000000005f6       0x34 e:/st/stm32cubeide_1.5.1/stm32cubeide/plugins/com.st.stm32cube.ide.mcu.externaltools.gnu-tools-for-stm32.7-2018-q2-update.win32_1.5.0.202011040924/tools/bin/../lib/gcc/arm-none-eabi/7.3.1/../../../../arm-none-eabi/lib/thumb/v7e-m/fpv4-sp/hard\libc_nano.a(lib_a-findfp.o)
 .ARM.attributes
                0x000000000000062a       0x34 e:/st/stm32cubeide_1.5.1/stm32cubeide/plugins/com.st.stm32cube.ide.mcu.externaltools.gnu-tools-for-stm32.7-2018-q2-update.win32_1.5.0.202011040924/tools/bin/../lib/gcc/arm-none-eabi/7.3.1/../../../../arm-none-eabi/lib/thumb/v7e-m/fpv4-sp/hard\libc_nano.a(lib_a-fwalk.o)
 .ARM.attributes
                0x000000000000065e       0x34 e:/st/stm32cubeide_1.5.1/stm32cubeide/plugins/com.st.stm32cube.ide.mcu.externaltools.gnu-tools-for-stm32.7-2018-q2-update.win32_1.5.0.202011040924/tools/bin/../lib/gcc/arm-none-eabi/7.3.1/../../../../arm-none-eabi/lib/thumb/v7e-m/fpv4-sp/hard\libc_nano.a(lib_a-makebuf.o)
 .ARM.attributes
                0x0000000000000692       0x34 e:/st/stm32cubeide_1.5.1/stm32cubeide/plugins/com.st.stm32cube.ide.mcu.externaltools.gnu-tools-for-stm32.7-2018-q2-update.win32_1.5.0.202011040924/tools/bin/../lib/gcc/arm-none-eabi/7.3.1/../../../../arm-none-eabi/lib/thumb/v7e-m/fpv4-sp/hard\libc_nano.a(lib_a-mlock.o)
 .ARM.attributes
                0x00000000000006c6       0x34 e:/st/stm32cubeide_1.5.1/stm32cubeide/plugins/com.st.stm32cube.ide.mcu.externaltools.gnu-tools-for-stm32.7-2018-q2-update.win32_1.5.0.202011040924/tools/bin/../lib/gcc/arm-none-eabi/7.3.1/../../../../arm-none-eabi/lib/thumb/v7e-m/fpv4-sp/hard\libc_nano.a(lib_a-nano-vfprintf.o)
 .ARM.attributes
                0x00000000000006fa       0x34 e:/st/stm32cubeide_1.5.1/stm32cubeide/plugins/com.st.stm32cube.ide.mcu.externaltools.gnu-tools-for-stm32.7-2018-q2-update.win32_1.5.0.202011040924/tools/bin/../lib/gcc/arm-none-eabi/7.3.1/../../../../arm-none-eabi/lib/thumb/v7e-m/fpv4-sp/hard\libc_nano.a(lib_a-nano-vfprintf_i.o)
 .ARM.attributes
                0x000000000000072e       0x34 e:/st/stm32cubeide_1.5.1/stm32cubeide/plugins/com.st.stm32cube.ide.mcu.externaltools.gnu-tools-for-stm32.7-2018-q2-update.win32_1.5.0.202011040924/tools/bin/../lib/gcc/arm-none-eabi/7.3.1/../../../../arm-none-eabi/lib/thumb/v7e-m/fpv4-sp/hard\libc_nano.a(lib_a-reent.o)
 .ARM.attributes
                0x0000000000000762       0x34 e:/st/stm32cubeide_1.5.1/stm32cubeide/plugins/com.st.stm32cube.ide.mcu.externaltools.gnu-tools-for-stm32.7-2018-q2-update.win32_1.5.0.202011040924/tools/bin/../lib/gcc/arm-none-eabi/7.3.1/../../../../arm-none-eabi/lib/thumb/v7e-m/fpv4-sp/hard\libc_nano.a(lib_a-stdio.o)
 .ARM.attributes
                0x0000000000000796       0x34 e:/st/stm32cubeide_1.5.1/stm32cubeide/plugins/com.st.stm32cube.ide.mcu.externaltools.gnu-tools-for-stm32.7-2018-q2-update.win32_1.5.0.202011040924/tools/bin/../lib/gcc/arm-none-eabi/7.3.1/../../../../arm-none-eabi/lib/thumb/v7e-m/fpv4-sp/hard\libc_nano.a(lib_a-closer.o)
 .ARM.attributes
                0x00000000000007ca       0x34 e:/st/stm32cubeide_1.5.1/stm32cubeide/plugins/com.st.stm32cube.ide.mcu.externaltools.gnu-tools-for-stm32.7-2018-q2-update.win32_1.5.0.202011040924/tools/bin/../lib/gcc/arm-none-eabi/7.3.1/../../../../arm-none-eabi/lib/thumb/v7e-m/fpv4-sp/hard\libc_nano.a(lib_a-fstatr.o)
 .ARM.attributes
                0x00000000000007fe       0x34 e:/st/stm32cubeide_1.5.1/stm32cubeide/plugins/com.st.stm32cube.ide.mcu.externaltools.gnu-tools-for-stm32.7-2018-q2-update.win32_1.5.0.202011040924/tools/bin/../lib/gcc/arm-none-eabi/7.3.1/../../../../arm-none-eabi/lib/thumb/v7e-m/fpv4-sp/hard\libc_nano.a(lib_a-isattyr.o)
 .ARM.attributes
                0x0000000000000832       0x34 e:/st/stm32cubeide_1.5.1/stm32cubeide/plugins/com.st.stm32cube.ide.mcu.externaltools.gnu-tools-for-stm32.7-2018-q2-update.win32_1.5.0.202011040924/tools/bin/../lib/gcc/arm-none-eabi/7.3.1/../../../../arm-none-eabi/lib/thumb/v7e-m/fpv4-sp/hard\libc_nano.a(lib_a-lseekr.o)
 .ARM.attributes
                0x0000000000000866       0x20 e:/st/stm32cubeide_1.5.1/stm32cubeide/plugins/com.st.stm32cube.ide.mcu.externaltools.gnu-tools-for-stm32.7-2018-q2-update.win32_1.5.0.202011040924/tools/bin/../lib/gcc/arm-none-eabi/7.3.1/../../../../arm-none-eabi/lib/thumb/v7e-m/fpv4-sp/hard\libc_nano.a(lib_a-memchr.o)
 .ARM.attributes
                0x0000000000000886       0x34 e:/st/stm32cubeide_1.5.1/stm32cubeide/plugins/com.st.stm32cube.ide.mcu.externaltools.gnu-tools-for-stm32.7-2018-q2-update.win32_1.5.0.202011040924/tools/bin/../lib/gcc/arm-none-eabi/7.3.1/../../../../arm-none-eabi/lib/thumb/v7e-m/fpv4-sp/hard\libc_nano.a(lib_a-readr.o)
 .ARM.attributes
                0x00000000000008ba       0x22 e:/st/stm32cubeide_1.5.1/stm32cubeide/plugins/com.st.stm32cube.ide.mcu.externaltools.gnu-tools-for-stm32.7-2018-q2-update.win32_1.5.0.202011040924/tools/bin/../lib/gcc/arm-none-eabi/7.3.1/thumb/v7e-m/fpv4-sp/hard/crtn.o
OUTPUT(BaseProject.elf elf32-littlearm)

.debug_info     0x0000000000000000     0x89f8
 .debug_info    0x0000000000000000      0xadb SPL/src/stm32f30x_rcc.o
 .debug_info    0x0000000000000adb      0xb84 SPL/src/stm32f30x_spi.o
 .debug_info    0x000000000000165f      0xece SPL/src/stm32f30x_usart.o
 .debug_info    0x000000000000252d     0x12f0 Src/30010_io.o
 .debug_info    0x000000000000381d     0x10bd Src/Timer.o
 .debug_info    0x00000000000048da      0x9fb Src/ansi.o
 .debug_info    0x00000000000052d5      0xcce Src/main.o
 .debug_info    0x0000000000005fa3      0xdea Src/structures.o
 .debug_info    0x0000000000006d8d      0xebd Src/syscalls.o
 .debug_info    0x0000000000007c4a      0x91c Src/sysmem.o
 .debug_info    0x0000000000008566      0x470 Src/system_stm32f30x.o
 .debug_info    0x00000000000089d6       0x22 Startup/startup_stm32f302r8tx.o

.debug_abbrev   0x0000000000000000     0x15e2
 .debug_abbrev  0x0000000000000000      0x1fd SPL/src/stm32f30x_rcc.o
 .debug_abbrev  0x00000000000001fd      0x1a1 SPL/src/stm32f30x_spi.o
 .debug_abbrev  0x000000000000039e      0x187 SPL/src/stm32f30x_usart.o
 .debug_abbrev  0x0000000000000525      0x32d Src/30010_io.o
 .debug_abbrev  0x0000000000000852      0x24f Src/Timer.o
 .debug_abbrev  0x0000000000000aa1      0x1c0 Src/ansi.o
 .debug_abbrev  0x0000000000000c61      0x20c Src/main.o
 .debug_abbrev  0x0000000000000e6d      0x20f Src/structures.o
 .debug_abbrev  0x000000000000107c      0x261 Src/syscalls.o
 .debug_abbrev  0x00000000000012dd      0x1bb Src/sysmem.o
 .debug_abbrev  0x0000000000001498      0x138 Src/system_stm32f30x.o
 .debug_abbrev  0x00000000000015d0       0x12 Startup/startup_stm32f302r8tx.o

.debug_aranges  0x0000000000000000      0x6d0
 .debug_aranges
                0x0000000000000000      0x150 SPL/src/stm32f30x_rcc.o
 .debug_aranges
                0x0000000000000150      0x118 SPL/src/stm32f30x_spi.o
 .debug_aranges
                0x0000000000000268      0x1a0 SPL/src/stm32f30x_usart.o
 .debug_aranges
                0x0000000000000408       0x78 Src/30010_io.o
 .debug_aranges
                0x0000000000000480       0x38 Src/Timer.o
 .debug_aranges
                0x00000000000004b8       0x68 Src/ansi.o
 .debug_aranges
                0x0000000000000520       0x30 Src/main.o
 .debug_aranges
                0x0000000000000550       0x60 Src/structures.o
 .debug_aranges
                0x00000000000005b0       0xa8 Src/syscalls.o
 .debug_aranges
                0x0000000000000658       0x20 Src/sysmem.o
 .debug_aranges
                0x0000000000000678       0x30 Src/system_stm32f30x.o
 .debug_aranges
                0x00000000000006a8       0x28 Startup/startup_stm32f302r8tx.o

.debug_ranges   0x0000000000000000      0x618
 .debug_ranges  0x0000000000000000      0x140 SPL/src/stm32f30x_rcc.o
 .debug_ranges  0x0000000000000140      0x108 SPL/src/stm32f30x_spi.o
 .debug_ranges  0x0000000000000248      0x190 SPL/src/stm32f30x_usart.o
 .debug_ranges  0x00000000000003d8       0x68 Src/30010_io.o
 .debug_ranges  0x0000000000000440       0x28 Src/Timer.o
 .debug_ranges  0x0000000000000468       0x58 Src/ansi.o
 .debug_ranges  0x00000000000004c0       0x20 Src/main.o
 .debug_ranges  0x00000000000004e0       0x50 Src/structures.o
 .debug_ranges  0x0000000000000530       0x98 Src/syscalls.o
 .debug_ranges  0x00000000000005c8       0x10 Src/sysmem.o
 .debug_ranges  0x00000000000005d8       0x20 Src/system_stm32f30x.o
 .debug_ranges  0x00000000000005f8       0x20 Startup/startup_stm32f302r8tx.o

.debug_macro    0x0000000000000000     0x3c5a
 .debug_macro   0x0000000000000000      0x239 SPL/src/stm32f30x_rcc.o
 .debug_macro   0x0000000000000239      0x5c0 SPL/src/stm32f30x_rcc.o
 .debug_macro   0x00000000000007f9      0x1b1 SPL/src/stm32f30x_spi.o
 .debug_macro   0x00000000000009aa      0x3a5 SPL/src/stm32f30x_spi.o
 .debug_macro   0x0000000000000d4f      0x1b4 SPL/src/stm32f30x_usart.o
 .debug_macro   0x0000000000000f03      0x35e SPL/src/stm32f30x_usart.o
 .debug_macro   0x0000000000001261      0x2fd Src/30010_io.o
 .debug_macro   0x000000000000155e       0x46 Src/30010_io.o
 .debug_macro   0x00000000000015a4       0x18 Src/30010_io.o
 .debug_macro   0x00000000000015bc       0x3c Src/30010_io.o
 .debug_macro   0x00000000000015f8       0x34 Src/30010_io.o
 .debug_macro   0x000000000000162c       0x16 Src/30010_io.o
 .debug_macro   0x0000000000001642       0x97 Src/30010_io.o
 .debug_macro   0x00000000000016d9      0x330 Src/30010_io.o
 .debug_macro   0x0000000000001a09       0xfd Src/30010_io.o
 .debug_macro   0x0000000000001b06       0x10 Src/30010_io.o
 .debug_macro   0x0000000000001b16       0x52 Src/30010_io.o
 .debug_macro   0x0000000000001b68       0x1f Src/30010_io.o
 .debug_macro   0x0000000000001b87       0x43 Src/30010_io.o
 .debug_macro   0x0000000000001bca       0x20 Src/30010_io.o
 .debug_macro   0x0000000000001bea      0x1a3 Src/30010_io.o
 .debug_macro   0x0000000000001d8d       0x10 Src/30010_io.o
 .debug_macro   0x0000000000001d9d       0x1c Src/30010_io.o
 .debug_macro   0x0000000000001db9       0x52 Src/30010_io.o
 .debug_macro   0x0000000000001e0b       0x40 Src/30010_io.o
 .debug_macro   0x0000000000001e4b       0x10 Src/30010_io.o
 .debug_macro   0x0000000000001e5b       0x40 Src/30010_io.o
 .debug_macro   0x0000000000001e9b       0xd7 Src/30010_io.o
 .debug_macro   0x0000000000001f72       0x1c Src/30010_io.o
 .debug_macro   0x0000000000001f8e       0x3d Src/30010_io.o
 .debug_macro   0x0000000000001fcb       0x16 Src/30010_io.o
 .debug_macro   0x0000000000001fe1      0x145 Src/30010_io.o
 .debug_macro   0x0000000000002126      0x307 Src/Timer.o
 .debug_macro   0x000000000000242d      0x1ce Src/ansi.o
 .debug_macro   0x00000000000025fb      0x366 Src/main.o
 .debug_macro   0x0000000000002961       0x16 Src/main.o
 .debug_macro   0x0000000000002977       0x16 Src/main.o
 .debug_macro   0x000000000000298d       0x29 Src/main.o
 .debug_macro   0x00000000000029b6      0x216 Src/structures.o
 .debug_macro   0x0000000000002bcc      0x243 Src/syscalls.o
 .debug_macro   0x0000000000002e0f       0x40 Src/syscalls.o
 .debug_macro   0x0000000000002e4f       0x94 Src/syscalls.o
 .debug_macro   0x0000000000002ee3       0x57 Src/syscalls.o
 .debug_macro   0x0000000000002f3a      0x174 Src/syscalls.o
 .debug_macro   0x00000000000030ae       0x10 Src/syscalls.o
 .debug_macro   0x00000000000030be       0x10 Src/syscalls.o
 .debug_macro   0x00000000000030ce       0x10 Src/syscalls.o
 .debug_macro   0x00000000000030de       0x35 Src/syscalls.o
 .debug_macro   0x0000000000003113      0x122 Src/syscalls.o
 .debug_macro   0x0000000000003235       0x10 Src/syscalls.o
 .debug_macro   0x0000000000003245      0x241 Src/syscalls.o
 .debug_macro   0x0000000000003486       0x1c Src/syscalls.o
 .debug_macro   0x00000000000034a2       0x10 Src/syscalls.o
 .debug_macro   0x00000000000034b2      0x189 Src/syscalls.o
 .debug_macro   0x000000000000363b       0x16 Src/syscalls.o
 .debug_macro   0x0000000000003651       0x88 Src/syscalls.o
 .debug_macro   0x00000000000036d9      0x1ae Src/sysmem.o
 .debug_macro   0x0000000000003887      0x23b Src/sysmem.o
 .debug_macro   0x0000000000003ac2      0x198 Src/system_stm32f30x.o

.debug_line     0x0000000000000000     0x5c04
 .debug_line    0x0000000000000000      0xa0d SPL/src/stm32f30x_rcc.o
 .debug_line    0x0000000000000a0d      0x95e SPL/src/stm32f30x_spi.o
 .debug_line    0x000000000000136b      0xa94 SPL/src/stm32f30x_usart.o
 .debug_line    0x0000000000001dff      0xa34 Src/30010_io.o
 .debug_line    0x0000000000002833      0x8b0 Src/Timer.o
 .debug_line    0x00000000000030e3      0x64f Src/ansi.o
 .debug_line    0x0000000000003732      0x8fc Src/main.o
 .debug_line    0x000000000000402e      0x805 Src/structures.o
 .debug_line    0x0000000000004833      0x739 Src/syscalls.o
 .debug_line    0x0000000000004f6c      0x559 Src/sysmem.o
 .debug_line    0x00000000000054c5      0x6bb Src/system_stm32f30x.o
 .debug_line    0x0000000000005b80       0x84 Startup/startup_stm32f302r8tx.o

.debug_str      0x0000000000000000    0x547ce
 .debug_str     0x0000000000000000    0x4dbd2 SPL/src/stm32f30x_rcc.o
                                      0x4dd8e (size before relaxing)
 .debug_str     0x000000000004dbd2      0x51f SPL/src/stm32f30x_spi.o
                                      0x4d96b (size before relaxing)
 .debug_str     0x000000000004e0f1      0x7e8 SPL/src/stm32f30x_usart.o
                                      0x4dc62 (size before relaxing)
 .debug_str     0x000000000004e8d9     0x48ba Src/30010_io.o
                                      0x51ee7 (size before relaxing)
 .debug_str     0x0000000000053193      0x128 Src/Timer.o
                                      0x51d29 (size before relaxing)
 .debug_str     0x00000000000532bb       0x7d Src/ansi.o
                                       0x80ba (size before relaxing)
 .debug_str     0x0000000000053338      0x1b7 Src/main.o
                                      0x51976 (size before relaxing)
 .debug_str     0x00000000000534ef      0x10a Src/structures.o
                                       0x82da (size before relaxing)
 .debug_str     0x00000000000535f9     0x10f4 Src/syscalls.o
                                       0x88b7 (size before relaxing)
 .debug_str     0x00000000000546ed       0x31 Src/sysmem.o
                                       0x7b10 (size before relaxing)
 .debug_str     0x000000000005471e       0x7f Src/system_stm32f30x.o
                                      0x4d410 (size before relaxing)
 .debug_str     0x000000000005479d       0x31 Startup/startup_stm32f302r8tx.o
                                         0x68 (size before relaxing)

.comment        0x0000000000000000       0x7b
 .comment       0x0000000000000000       0x7b SPL/src/stm32f30x_rcc.o
                                         0x7c (size before relaxing)
 .comment       0x000000000000007b       0x7c SPL/src/stm32f30x_spi.o
 .comment       0x000000000000007b       0x7c SPL/src/stm32f30x_usart.o
 .comment       0x000000000000007b       0x7c Src/30010_io.o
 .comment       0x000000000000007b       0x7c Src/Timer.o
 .comment       0x000000000000007b       0x7c Src/ansi.o
 .comment       0x000000000000007b       0x7c Src/main.o
 .comment       0x000000000000007b       0x7c Src/structures.o
 .comment       0x000000000000007b       0x7c Src/syscalls.o
 .comment       0x000000000000007b       0x7c Src/sysmem.o
 .comment       0x000000000000007b       0x7c Src/system_stm32f30x.o

.debug_frame    0x0000000000000000     0x239c
 .debug_frame   0x0000000000000000      0x60c SPL/src/stm32f30x_rcc.o
 .debug_frame   0x000000000000060c      0x508 SPL/src/stm32f30x_spi.o
 .debug_frame   0x0000000000000b14      0x7b0 SPL/src/stm32f30x_usart.o
 .debug_frame   0x00000000000012c4      0x1b4 Src/30010_io.o
 .debug_frame   0x0000000000001478       0xa8 Src/Timer.o
 .debug_frame   0x0000000000001520      0x160 Src/ansi.o
 .debug_frame   0x0000000000001680       0x7c Src/main.o
 .debug_frame   0x00000000000016fc      0x180 Src/structures.o
 .debug_frame   0x000000000000187c      0x2ac Src/syscalls.o
 .debug_frame   0x0000000000001b28       0x34 Src/sysmem.o
 .debug_frame   0x0000000000001b5c       0x74 Src/system_stm32f30x.o
 .debug_frame   0x0000000000001bd0       0x20 e:/st/stm32cubeide_1.5.1/stm32cubeide/plugins/com.st.stm32cube.ide.mcu.externaltools.gnu-tools-for-stm32.7-2018-q2-update.win32_1.5.0.202011040924/tools/bin/../lib/gcc/arm-none-eabi/7.3.1/../../../../arm-none-eabi/lib/thumb/v7e-m/fpv4-sp/hard\libc_nano.a(lib_a-errno.o)
 .debug_frame   0x0000000000001bf0       0x2c e:/st/stm32cubeide_1.5.1/stm32cubeide/plugins/com.st.stm32cube.ide.mcu.externaltools.gnu-tools-for-stm32.7-2018-q2-update.win32_1.5.0.202011040924/tools/bin/../lib/gcc/arm-none-eabi/7.3.1/../../../../arm-none-eabi/lib/thumb/v7e-m/fpv4-sp/hard\libc_nano.a(lib_a-init.o)
 .debug_frame   0x0000000000001c1c       0x30 e:/st/stm32cubeide_1.5.1/stm32cubeide/plugins/com.st.stm32cube.ide.mcu.externaltools.gnu-tools-for-stm32.7-2018-q2-update.win32_1.5.0.202011040924/tools/bin/../lib/gcc/arm-none-eabi/7.3.1/../../../../arm-none-eabi/lib/thumb/v7e-m/fpv4-sp/hard\libc_nano.a(lib_a-malloc.o)
 .debug_frame   0x0000000000001c4c       0x20 e:/st/stm32cubeide_1.5.1/stm32cubeide/plugins/com.st.stm32cube.ide.mcu.externaltools.gnu-tools-for-stm32.7-2018-q2-update.win32_1.5.0.202011040924/tools/bin/../lib/gcc/arm-none-eabi/7.3.1/../../../../arm-none-eabi/lib/thumb/v7e-m/fpv4-sp/hard\libc_nano.a(lib_a-memset.o)
 .debug_frame   0x0000000000001c6c       0x38 e:/st/stm32cubeide_1.5.1/stm32cubeide/plugins/com.st.stm32cube.ide.mcu.externaltools.gnu-tools-for-stm32.7-2018-q2-update.win32_1.5.0.202011040924/tools/bin/../lib/gcc/arm-none-eabi/7.3.1/../../../../arm-none-eabi/lib/thumb/v7e-m/fpv4-sp/hard\libc_nano.a(lib_a-nano-freer.o)
 .debug_frame   0x0000000000001ca4       0x2c e:/st/stm32cubeide_1.5.1/stm32cubeide/plugins/com.st.stm32cube.ide.mcu.externaltools.gnu-tools-for-stm32.7-2018-q2-update.win32_1.5.0.202011040924/tools/bin/../lib/gcc/arm-none-eabi/7.3.1/../../../../arm-none-eabi/lib/thumb/v7e-m/fpv4-sp/hard\libc_nano.a(lib_a-nano-mallocr.o)
 .debug_frame   0x0000000000001cd0       0x74 e:/st/stm32cubeide_1.5.1/stm32cubeide/plugins/com.st.stm32cube.ide.mcu.externaltools.gnu-tools-for-stm32.7-2018-q2-update.win32_1.5.0.202011040924/tools/bin/../lib/gcc/arm-none-eabi/7.3.1/../../../../arm-none-eabi/lib/thumb/v7e-m/fpv4-sp/hard\libc_nano.a(lib_a-printf.o)
 .debug_frame   0x0000000000001d44       0x3c e:/st/stm32cubeide_1.5.1/stm32cubeide/plugins/com.st.stm32cube.ide.mcu.externaltools.gnu-tools-for-stm32.7-2018-q2-update.win32_1.5.0.202011040924/tools/bin/../lib/gcc/arm-none-eabi/7.3.1/../../../../arm-none-eabi/lib/thumb/v7e-m/fpv4-sp/hard\libc_nano.a(lib_a-puts.o)
 .debug_frame   0x0000000000001d80       0x2c e:/st/stm32cubeide_1.5.1/stm32cubeide/plugins/com.st.stm32cube.ide.mcu.externaltools.gnu-tools-for-stm32.7-2018-q2-update.win32_1.5.0.202011040924/tools/bin/../lib/gcc/arm-none-eabi/7.3.1/../../../../arm-none-eabi/lib/thumb/v7e-m/fpv4-sp/hard\libc_nano.a(lib_a-sbrkr.o)
 .debug_frame   0x0000000000001dac       0x20 e:/st/stm32cubeide_1.5.1/stm32cubeide/plugins/com.st.stm32cube.ide.mcu.externaltools.gnu-tools-for-stm32.7-2018-q2-update.win32_1.5.0.202011040924/tools/bin/../lib/gcc/arm-none-eabi/7.3.1/../../../../arm-none-eabi/lib/thumb/v7e-m/fpv4-sp/hard\libc_nano.a(lib_a-setbuf.o)
 .debug_frame   0x0000000000001dcc       0x38 e:/st/stm32cubeide_1.5.1/stm32cubeide/plugins/com.st.stm32cube.ide.mcu.externaltools.gnu-tools-for-stm32.7-2018-q2-update.win32_1.5.0.202011040924/tools/bin/../lib/gcc/arm-none-eabi/7.3.1/../../../../arm-none-eabi/lib/thumb/v7e-m/fpv4-sp/hard\libc_nano.a(lib_a-setvbuf.o)
 .debug_frame   0x0000000000001e04       0x40 e:/st/stm32cubeide_1.5.1/stm32cubeide/plugins/com.st.stm32cube.ide.mcu.externaltools.gnu-tools-for-stm32.7-2018-q2-update.win32_1.5.0.202011040924/tools/bin/../lib/gcc/arm-none-eabi/7.3.1/../../../../arm-none-eabi/lib/thumb/v7e-m/fpv4-sp/hard\libc_nano.a(lib_a-wbuf.o)
 .debug_frame   0x0000000000001e44       0x2c e:/st/stm32cubeide_1.5.1/stm32cubeide/plugins/com.st.stm32cube.ide.mcu.externaltools.gnu-tools-for-stm32.7-2018-q2-update.win32_1.5.0.202011040924/tools/bin/../lib/gcc/arm-none-eabi/7.3.1/../../../../arm-none-eabi/lib/thumb/v7e-m/fpv4-sp/hard\libc_nano.a(lib_a-wsetup.o)
 .debug_frame   0x0000000000001e70       0x68 e:/st/stm32cubeide_1.5.1/stm32cubeide/plugins/com.st.stm32cube.ide.mcu.externaltools.gnu-tools-for-stm32.7-2018-q2-update.win32_1.5.0.202011040924/tools/bin/../lib/gcc/arm-none-eabi/7.3.1/../../../../arm-none-eabi/lib/thumb/v7e-m/fpv4-sp/hard\libc_nano.a(lib_a-fflush.o)
 .debug_frame   0x0000000000001ed8      0x11c e:/st/stm32cubeide_1.5.1/stm32cubeide/plugins/com.st.stm32cube.ide.mcu.externaltools.gnu-tools-for-stm32.7-2018-q2-update.win32_1.5.0.202011040924/tools/bin/../lib/gcc/arm-none-eabi/7.3.1/../../../../arm-none-eabi/lib/thumb/v7e-m/fpv4-sp/hard\libc_nano.a(lib_a-findfp.o)
 .debug_frame   0x0000000000001ff4       0x54 e:/st/stm32cubeide_1.5.1/stm32cubeide/plugins/com.st.stm32cube.ide.mcu.externaltools.gnu-tools-for-stm32.7-2018-q2-update.win32_1.5.0.202011040924/tools/bin/../lib/gcc/arm-none-eabi/7.3.1/../../../../arm-none-eabi/lib/thumb/v7e-m/fpv4-sp/hard\libc_nano.a(lib_a-fwalk.o)
 .debug_frame   0x0000000000002048       0x58 e:/st/stm32cubeide_1.5.1/stm32cubeide/plugins/com.st.stm32cube.ide.mcu.externaltools.gnu-tools-for-stm32.7-2018-q2-update.win32_1.5.0.202011040924/tools/bin/../lib/gcc/arm-none-eabi/7.3.1/../../../../arm-none-eabi/lib/thumb/v7e-m/fpv4-sp/hard\libc_nano.a(lib_a-makebuf.o)
 .debug_frame   0x00000000000020a0       0x30 e:/st/stm32cubeide_1.5.1/stm32cubeide/plugins/com.st.stm32cube.ide.mcu.externaltools.gnu-tools-for-stm32.7-2018-q2-update.win32_1.5.0.202011040924/tools/bin/../lib/gcc/arm-none-eabi/7.3.1/../../../../arm-none-eabi/lib/thumb/v7e-m/fpv4-sp/hard\libc_nano.a(lib_a-mlock.o)
 .debug_frame   0x00000000000020d0       0xac e:/st/stm32cubeide_1.5.1/stm32cubeide/plugins/com.st.stm32cube.ide.mcu.externaltools.gnu-tools-for-stm32.7-2018-q2-update.win32_1.5.0.202011040924/tools/bin/../lib/gcc/arm-none-eabi/7.3.1/../../../../arm-none-eabi/lib/thumb/v7e-m/fpv4-sp/hard\libc_nano.a(lib_a-nano-vfprintf.o)
 .debug_frame   0x000000000000217c       0x60 e:/st/stm32cubeide_1.5.1/stm32cubeide/plugins/com.st.stm32cube.ide.mcu.externaltools.gnu-tools-for-stm32.7-2018-q2-update.win32_1.5.0.202011040924/tools/bin/../lib/gcc/arm-none-eabi/7.3.1/../../../../arm-none-eabi/lib/thumb/v7e-m/fpv4-sp/hard\libc_nano.a(lib_a-nano-vfprintf_i.o)
 .debug_frame   0x00000000000021dc       0x5c e:/st/stm32cubeide_1.5.1/stm32cubeide/plugins/com.st.stm32cube.ide.mcu.externaltools.gnu-tools-for-stm32.7-2018-q2-update.win32_1.5.0.202011040924/tools/bin/../lib/gcc/arm-none-eabi/7.3.1/../../../../arm-none-eabi/lib/thumb/v7e-m/fpv4-sp/hard\libc_nano.a(lib_a-reent.o)
 .debug_frame   0x0000000000002238       0x88 e:/st/stm32cubeide_1.5.1/stm32cubeide/plugins/com.st.stm32cube.ide.mcu.externaltools.gnu-tools-for-stm32.7-2018-q2-update.win32_1.5.0.202011040924/tools/bin/../lib/gcc/arm-none-eabi/7.3.1/../../../../arm-none-eabi/lib/thumb/v7e-m/fpv4-sp/hard\libc_nano.a(lib_a-stdio.o)
 .debug_frame   0x00000000000022c0       0x2c e:/st/stm32cubeide_1.5.1/stm32cubeide/plugins/com.st.stm32cube.ide.mcu.externaltools.gnu-tools-for-stm32.7-2018-q2-update.win32_1.5.0.202011040924/tools/bin/../lib/gcc/arm-none-eabi/7.3.1/../../../../arm-none-eabi/lib/thumb/v7e-m/fpv4-sp/hard\libc_nano.a(lib_a-closer.o)
 .debug_frame   0x00000000000022ec       0x2c e:/st/stm32cubeide_1.5.1/stm32cubeide/plugins/com.st.stm32cube.ide.mcu.externaltools.gnu-tools-for-stm32.7-2018-q2-update.win32_1.5.0.202011040924/tools/bin/../lib/gcc/arm-none-eabi/7.3.1/../../../../arm-none-eabi/lib/thumb/v7e-m/fpv4-sp/hard\libc_nano.a(lib_a-fstatr.o)
 .debug_frame   0x0000000000002318       0x2c e:/st/stm32cubeide_1.5.1/stm32cubeide/plugins/com.st.stm32cube.ide.mcu.externaltools.gnu-tools-for-stm32.7-2018-q2-update.win32_1.5.0.202011040924/tools/bin/../lib/gcc/arm-none-eabi/7.3.1/../../../../arm-none-eabi/lib/thumb/v7e-m/fpv4-sp/hard\libc_nano.a(lib_a-isattyr.o)
 .debug_frame   0x0000000000002344       0x2c e:/st/stm32cubeide_1.5.1/stm32cubeide/plugins/com.st.stm32cube.ide.mcu.externaltools.gnu-tools-for-stm32.7-2018-q2-update.win32_1.5.0.202011040924/tools/bin/../lib/gcc/arm-none-eabi/7.3.1/../../../../arm-none-eabi/lib/thumb/v7e-m/fpv4-sp/hard\libc_nano.a(lib_a-lseekr.o)
 .debug_frame   0x0000000000002370       0x2c e:/st/stm32cubeide_1.5.1/stm32cubeide/plugins/com.st.stm32cube.ide.mcu.externaltools.gnu-tools-for-stm32.7-2018-q2-update.win32_1.5.0.202011040924/tools/bin/../lib/gcc/arm-none-eabi/7.3.1/../../../../arm-none-eabi/lib/thumb/v7e-m/fpv4-sp/hard\libc_nano.a(lib_a-readr.o)
